Archive member included to satisfy reference by file (symbol)

C:/ST/STM32CubeIDE_1.18.1/STM32CubeIDE/plugins/com.st.stm32cube.ide.mcu.externaltools.gnu-tools-for-stm32.13.3.rel1.win32_1.0.0.202411081344/tools/bin/../lib/gcc/arm-none-eabi/13.3.1/../../../../arm-none-eabi/lib/thumb/v7e-m+fp/hard\libstdc++_nano.a(del_ops.o)
                              ./App/Communication/Src/DesktopTelemetryManager.o (operator delete(void*, unsigned int))
C:/ST/STM32CubeIDE_1.18.1/STM32CubeIDE/plugins/com.st.stm32cube.ide.mcu.externaltools.gnu-tools-for-stm32.13.3.rel1.win32_1.0.0.202411081344/tools/bin/../lib/gcc/arm-none-eabi/13.3.1/../../../../arm-none-eabi/lib/thumb/v7e-m+fp/hard\libstdc++_nano.a(del_op.o)
                              C:/ST/STM32CubeIDE_1.18.1/STM32CubeIDE/plugins/com.st.stm32cube.ide.mcu.externaltools.gnu-tools-for-stm32.13.3.rel1.win32_1.0.0.202411081344/tools/bin/../lib/gcc/arm-none-eabi/13.3.1/../../../../arm-none-eabi/lib/thumb/v7e-m+fp/hard\libstdc++_nano.a(del_ops.o) (operator delete(void*))
C:/ST/STM32CubeIDE_1.18.1/STM32CubeIDE/plugins/com.st.stm32cube.ide.mcu.externaltools.gnu-tools-for-stm32.13.3.rel1.win32_1.0.0.202411081344/tools/bin/../lib/gcc/arm-none-eabi/13.3.1/../../../../arm-none-eabi/lib/thumb/v7e-m+fp/hard\libm.a(libm_a-wf_atan2.o)
                              ./App/Control/Sensors/Src/Magnetometer_GY273.o (atan2f)
C:/ST/STM32CubeIDE_1.18.1/STM32CubeIDE/plugins/com.st.stm32cube.ide.mcu.externaltools.gnu-tools-for-stm32.13.3.rel1.win32_1.0.0.202411081344/tools/bin/../lib/gcc/arm-none-eabi/13.3.1/../../../../arm-none-eabi/lib/thumb/v7e-m+fp/hard\libm.a(libm_a-wf_pow.o)
                              ./app_drivers/Src/bmp280.o (powf)
C:/ST/STM32CubeIDE_1.18.1/STM32CubeIDE/plugins/com.st.stm32cube.ide.mcu.externaltools.gnu-tools-for-stm32.13.3.rel1.win32_1.0.0.202411081344/tools/bin/../lib/gcc/arm-none-eabi/13.3.1/../../../../arm-none-eabi/lib/thumb/v7e-m+fp/hard\libm.a(libm_a-wf_sqrt.o)
                              ./app_drivers/Src/mpu6050.o (sqrtf)
C:/ST/STM32CubeIDE_1.18.1/STM32CubeIDE/plugins/com.st.stm32cube.ide.mcu.externaltools.gnu-tools-for-stm32.13.3.rel1.win32_1.0.0.202411081344/tools/bin/../lib/gcc/arm-none-eabi/13.3.1/../../../../arm-none-eabi/lib/thumb/v7e-m+fp/hard\libm.a(libm_a-sf_finite.o)
                              C:/ST/STM32CubeIDE_1.18.1/STM32CubeIDE/plugins/com.st.stm32cube.ide.mcu.externaltools.gnu-tools-for-stm32.13.3.rel1.win32_1.0.0.202411081344/tools/bin/../lib/gcc/arm-none-eabi/13.3.1/../../../../arm-none-eabi/lib/thumb/v7e-m+fp/hard\libm.a(libm_a-wf_pow.o) (finitef)
C:/ST/STM32CubeIDE_1.18.1/STM32CubeIDE/plugins/com.st.stm32cube.ide.mcu.externaltools.gnu-tools-for-stm32.13.3.rel1.win32_1.0.0.202411081344/tools/bin/../lib/gcc/arm-none-eabi/13.3.1/../../../../arm-none-eabi/lib/thumb/v7e-m+fp/hard\libm.a(libm_a-ef_sqrt.o)
                              C:/ST/STM32CubeIDE_1.18.1/STM32CubeIDE/plugins/com.st.stm32cube.ide.mcu.externaltools.gnu-tools-for-stm32.13.3.rel1.win32_1.0.0.202411081344/tools/bin/../lib/gcc/arm-none-eabi/13.3.1/../../../../arm-none-eabi/lib/thumb/v7e-m+fp/hard\libm.a(libm_a-wf_sqrt.o) (__ieee754_sqrtf)
C:/ST/STM32CubeIDE_1.18.1/STM32CubeIDE/plugins/com.st.stm32cube.ide.mcu.externaltools.gnu-tools-for-stm32.13.3.rel1.win32_1.0.0.202411081344/tools/bin/../lib/gcc/arm-none-eabi/13.3.1/../../../../arm-none-eabi/lib/thumb/v7e-m+fp/hard\libm.a(libm_a-ef_atan2.o)
                              C:/ST/STM32CubeIDE_1.18.1/STM32CubeIDE/plugins/com.st.stm32cube.ide.mcu.externaltools.gnu-tools-for-stm32.13.3.rel1.win32_1.0.0.202411081344/tools/bin/../lib/gcc/arm-none-eabi/13.3.1/../../../../arm-none-eabi/lib/thumb/v7e-m+fp/hard\libm.a(libm_a-wf_atan2.o) (__ieee754_atan2f)
C:/ST/STM32CubeIDE_1.18.1/STM32CubeIDE/plugins/com.st.stm32cube.ide.mcu.externaltools.gnu-tools-for-stm32.13.3.rel1.win32_1.0.0.202411081344/tools/bin/../lib/gcc/arm-none-eabi/13.3.1/../../../../arm-none-eabi/lib/thumb/v7e-m+fp/hard\libm.a(libm_a-ef_pow.o)
                              C:/ST/STM32CubeIDE_1.18.1/STM32CubeIDE/plugins/com.st.stm32cube.ide.mcu.externaltools.gnu-tools-for-stm32.13.3.rel1.win32_1.0.0.202411081344/tools/bin/../lib/gcc/arm-none-eabi/13.3.1/../../../../arm-none-eabi/lib/thumb/v7e-m+fp/hard\libm.a(libm_a-wf_pow.o) (__ieee754_powf)
C:/ST/STM32CubeIDE_1.18.1/STM32CubeIDE/plugins/com.st.stm32cube.ide.mcu.externaltools.gnu-tools-for-stm32.13.3.rel1.win32_1.0.0.202411081344/tools/bin/../lib/gcc/arm-none-eabi/13.3.1/../../../../arm-none-eabi/lib/thumb/v7e-m+fp/hard\libm.a(libm_a-sf_atan.o)
                              C:/ST/STM32CubeIDE_1.18.1/STM32CubeIDE/plugins/com.st.stm32cube.ide.mcu.externaltools.gnu-tools-for-stm32.13.3.rel1.win32_1.0.0.202411081344/tools/bin/../lib/gcc/arm-none-eabi/13.3.1/../../../../arm-none-eabi/lib/thumb/v7e-m+fp/hard\libm.a(libm_a-ef_atan2.o) (atanf)
[...]
Memory Configuration

Name             Origin             Length             Attributes
RAM              0x20000000         0x00018000         xrw
FLASH            0x08000000         0x00080000         xr
*default*        0x00000000         0xffffffff

Linker script and memory map

LOAD C:/ST/STM32CubeIDE_1.18.1/STM32CubeIDE/plugins/com.st.stm32cube.ide.mcu.externaltools.gnu-tools-for-stm32.13.3.rel1.win32_1.0.0.202411081344/tools/bin/../lib/gcc/arm-none-eabi/13.3.1/thumb/v7e-m+fp/hard/crti.o
LOAD C:/ST/STM32CubeIDE_1.18.1/STM32CubeIDE/plugins/com.st.stm32cube.ide.mcu.externaltools.gnu-tools-for-stm32.13.3.rel1.win32_1.0.0.202411081344/tools/bin/../lib/gcc/arm-none-eabi/13.3.1/thumb/v7e-m+fp/hard/crtbegin.o
LOAD C:/ST/STM32CubeIDE_1.18.1/STM32CubeIDE/plugins/com.st.stm32cube.ide.mcu.externaltools.gnu-tools-for-stm32.13.3.rel1.win32_1.0.0.202411081344/tools/bin/../lib/gcc/arm-none-eabi/13.3.1/../../../../arm-none-eabi/lib/thumb/v7e-m+fp/hard/crt0.o
LOAD ./App/Blogic/Src/Config.o
LOAD ./App/Blogic/Src/Drone.o
LOAD ./App/Blogic/Src/FlightController.o
LOAD ./App/Blogic/Src/FlightControllerInit.o
LOAD ./App/Blogic/Src/pid_tuning_cmd.o
LOAD ./App/Blogic/Src/tuning.o
LOAD ./App/Communication/Src/DesktopTelemetryManager.o
LOAD ./App/Communication/Src/GPSReceiver_Neo_6M.o
LOAD ./App/Communication/Src/IBUSReceiver.o
LOAD ./App/Communication/Src/MCUTelemetryManager.o
LOAD ./App/Communication/Src/RCReceiver.o
LOAD ./App/Communication/Src/RC_Receiver_IA6_B.o
LOAD ./App/Communication/Src/TelemetryManager.o
LOAD ./App/Control/Controller/Src/ControlSystem.o
LOAD ./App/Control/Controller/Src/MotorController.o
LOAD ./App/Control/Controller/Src/PIDController.o
LOAD ./App/Control/Filters/Src/ComplementaryFilter.o
LOAD ./App/Control/Filters/Src/KalmanFIlter.o
LOAD ./App/Control/Sensors/Src/Barometer.o
LOAD ./App/Control/Sensors/Src/Barometer_bmp280.o
LOAD ./App/Control/Sensors/Src/Filter.o
LOAD ./App/Control/Sensors/Src/IMU.o
LOAD ./App/Control/Sensors/Src/IMU_MPU6050.o
LOAD ./App/Control/Sensors/Src/Magnetometer.o
LOAD ./App/Control/Sensors/Src/Magnetometer_GY273.o
LOAD ./App/Control/Sensors/Src/StateEstimator.o
LOAD ./Core/Src/main.o
LOAD ./Core/Src/stm32f4xx_hal_msp.o
LOAD ./Core/Src/stm32f4xx_it.o
LOAD ./Core/Src/syscalls.o
LOAD ./Core/Src/sysmem.o
LOAD ./Core/Src/system_stm32f4xx.o
LOAD ./Core/Startup/startup_stm32f401retx.o
LOAD ./Drivers/STM32F4xx_HAL_Driver/Src/stm32f4xx_hal.o
LOAD ./Drivers/STM32F4xx_HAL_Driver/Src/stm32f4xx_hal_adc.o
LOAD ./Drivers/STM32F4xx_HAL_Driver/Src/stm32f4xx_hal_adc_ex.o
LOAD ./Drivers/STM32F4xx_HAL_Driver/Src/stm32f4xx_hal_cortex.o
LOAD ./Drivers/STM32F4xx_HAL_Driver/Src/stm32f4xx_hal_dma.o
LOAD ./Drivers/STM32F4xx_HAL_Driver/Src/stm32f4xx_hal_dma_ex.o
LOAD ./Drivers/STM32F4xx_HAL_Driver/Src/stm32f4xx_hal_exti.o
LOAD ./Drivers/STM32F4xx_HAL_Driver/Src/stm32f4xx_hal_flash.o
LOAD ./Drivers/STM32F4xx_HAL_Driver/Src/stm32f4xx_hal_flash_ex.o
LOAD ./Drivers/STM32F4xx_HAL_Driver/Src/stm32f4xx_hal_flash_ramfunc.o
LOAD ./Drivers/STM32F4xx_HAL_Driver/Src/stm32f4xx_hal_gpio.o
LOAD ./Drivers/STM32F4xx_HAL_Driver/Src/stm32f4xx_hal_i2c.o
LOAD ./Drivers/STM32F4xx_HAL_Driver/Src/stm32f4xx_hal_i2c_ex.o
LOAD ./Drivers/STM32F4xx_HAL_Driver/Src/stm32f4xx_hal_pwr.o
LOAD ./Drivers/STM32F4xx_HAL_Driver/Src/stm32f4xx_hal_pwr_ex.o
LOAD ./Drivers/STM32F4xx_HAL_Driver/Src/stm32f4xx_hal_rcc.o
LOAD ./Drivers/STM32F4xx_HAL_Driver/Src/stm32f4xx_hal_rcc_ex.o
LOAD ./Drivers/STM32F4xx_HAL_Driver/Src/stm32f4xx_hal_tim.o
LOAD ./Drivers/STM32F4xx_HAL_Driver/Src/stm32f4xx_hal_tim_ex.o
LOAD ./Drivers/STM32F4xx_HAL_Driver/Src/stm32f4xx_hal_uart.o
LOAD ./Drivers/STM32F4xx_HAL_Driver/Src/stm32f4xx_ll_adc.o
LOAD ./app_drivers/Src/bmp280.o
LOAD ./app_drivers/Src/esc_pwm.o
LOAD ./app_drivers/Src/mpu6050.o
LOAD ./app_drivers/Src/sbus_rx.o
START GROUP
LOAD C:/ST/STM32CubeIDE_1.18.1/STM32CubeIDE/plugins/com.st.stm32cube.ide.mcu.externaltools.gnu-tools-for-stm32.13.3.rel1.win32_1.0.0.202411081344/tools/bin/../lib/gcc/arm-none-eabi/13.3.1/../../../../arm-none-eabi/lib/thumb/v7e-m+fp/hard\libstdc++_nano.a
LOAD C:/ST/STM32CubeIDE_1.18.1/STM32CubeIDE/plugins/com.st.stm32cube.ide.mcu.externaltools.gnu-tools-for-stm32.13.3.rel1.win32_1.0.0.202411081344/tools/bin/../lib/gcc/arm-none-eabi/13.3.1/../../../../arm-none-eabi/lib/thumb/v7e-m+fp/hard\libsupc++_nano.a
END GROUP
LOAD C:/ST/STM32CubeIDE_1.18.1/STM32CubeIDE/plugins/com.st.stm32cube.ide.mcu.externaltools.gnu-tools-for-stm32.13.3.rel1.win32_1.0.0.202411081344/tools/bin/../lib/gcc/arm-none-eabi/13.3.1/../../../../arm-none-eabi/lib/thumb/v7e-m+fp/hard\libstdc++_nano.a
LOAD C:/ST/STM32CubeIDE_1.18.1/STM32CubeIDE/plugins/com.st.stm32cube.ide.mcu.externaltools.gnu-tools-for-stm32.13.3.rel1.win32_1.0.0.202411081344/tools/bin/../lib/gcc/arm-none-eabi/13.3.1/../../../../arm-none-eabi/lib/thumb/v7e-m+fp/hard\libm.a
LOAD C:/ST/STM32CubeIDE_1.18.1/STM32CubeIDE/plugins/com.st.stm32cube.ide.mcu.externaltools.gnu-tools-for-stm32.13.3.rel1.win32_1.0.0.202411081344/tools/bin/../lib/gcc/arm-none-eabi/13.3.1/../../../../arm-none-eabi/lib/thumb/v7e-m+fp/hard\libc_nano.a
START GROUP
LOAD C:/ST/STM32CubeIDE_1.18.1/STM32CubeIDE/plugins/com.st.stm32cube.ide.mcu.externaltools.gnu-tools-for-stm32.13.3.rel1.win32_1.0.0.202411081344/tools/bin/../lib/gcc/arm-none-eabi/13.3.1/thumb/v7e-m+fp/hard\libgcc.a
LOAD C:/ST/STM32CubeIDE_1.18.1/STM32CubeIDE/plugins/com.st.stm32cube.ide.mcu.externaltools.gnu-tools-for-stm32.13.3.rel1.win32_1.0.0.202411081344/tools/bin/../lib/gcc/arm-none-eabi/13.3.1/../../../../arm-none-eabi/lib/thumb/v7e-m+fp/hard\libc_nano.a
END GROUP
START GROUP
LOAD C:/ST/STM32CubeIDE_1.18.1/STM32CubeIDE/plugins/com.st.stm32cube.ide.mcu.externaltools.gnu-tools-for-stm32.13.3.rel1.win32_1.0.0.202411081344/tools/bin/../lib/gcc/arm-none-eabi/13.3.1/thumb/v7e-m+fp/hard\libgcc.a
LOAD C:/ST/STM32CubeIDE_1.18.1/STM32CubeIDE/plugins/com.st.stm32cube.ide.mcu.externaltools.gnu-tools-for-stm32.13.3.rel1.win32_1.0.0.202411081344/tools/bin/../lib/gcc/arm-none-eabi/13.3.1/../../../../arm-none-eabi/lib/thumb/v7e-m+fp/hard\libc_nano.a
END GROUP
LOAD C:/ST/STM32CubeIDE_1.18.1/STM32CubeIDE/plugins/com.st.stm32cube.ide.mcu.externaltools.gnu-tools-for-stm32.13.3.rel1.win32_1.0.0.202411081344/tools/bin/../lib/gcc/arm-none-eabi/13.3.1/thumb/v7e-m+fp/hard/crtend.o
LOAD C:/ST/STM32CubeIDE_1.18.1/STM32CubeIDE/plugins/com.st.stm32cube.ide.mcu.externaltools.gnu-tools-for-stm32.13.3.rel1.win32_1.0.0.202411081344/tools/bin/../lib/gcc/arm-none-eabi/13.3.1/thumb/v7e-m+fp/hard/crtn.o
                0x20018000                        _estack = (ORIGIN (RAM) + LENGTH (RAM))
                0x00000200                        _Min_Heap_Size = 0x200
                0x00000400                        _Min_Stack_Size = 0x400

.isr_vector     0x08000000      0x194
                0x08000000                        . = ALIGN (0x4)
 *(.isr_vector)
 .isr_vector    0x08000000      0x194 ./Core/Startup/startup_stm32f401retx.o
                0x08000000                g_pfnVectors
                0x08000194                        . = ALIGN (0x4)

.text           0x080001a0     0xad38
                0x080001a0                        . = ALIGN (0x4)
 *(.text)
 .text          0x080001a0       0x40 C:/ST/STM32CubeIDE_1.18.1/STM32CubeIDE/plugins/com.st.stm32cube.ide.mcu.externaltools.gnu-tools-for-stm32.13.3.rel1.win32_1.0.0.202411081344/tools/bin/../lib/gcc/arm-none-eabi/13.3.1/thumb/v7e-m+fp/hard/crtbegin.o
 .text          0x080001e0       0x14 C:/ST/STM32CubeIDE_1.18.1/STM32CubeIDE/plugins/com.st.stm32cube.ide.mcu.externaltools.gnu-tools-for-stm32.13.3.rel1.win32_1.0.0.202411081344/tools/bin/../lib/gcc/arm-none-eabi/13.3.1/../../../../arm-none-eabi/lib/thumb/v7e-m+fp/hard\libc_nano.a(libc_a-strcmp.o)
                0x080001e0                strcmp
 .text          0x080001f4       0x10 C:/ST/STM32CubeIDE_1.18.1/STM32CubeIDE/plugins/com.st.stm32cube.ide.mcu.externaltools.gnu-tools-for-stm32.13.3.rel1.win32_1.0.0.202411081344/tools/bin/../lib/gcc/arm-none-eabi/13.3.1/../../../../arm-none-eabi/lib/thumb/v7e-m+fp/hard\libc_nano.a(libc_a-strlen.o)
                0x080001f4                strlen
 *fill*         0x08000204        0xc 
 .text          0x08000210       0xa0 C:/ST/STM32CubeIDE_1.18.1/STM32CubeIDE/plugins/com.st.stm32cube.ide.mcu.externaltools.gnu-tools-for-stm32.13.3.rel1.win32_1.0.0.202411081344/tools/bin/../lib/gcc/arm-none-eabi/13.3.1/../../../../arm-none-eabi/lib/thumb/v7e-m+fp/hard\libc_nano.a(libc_a-memchr.o)
                0x08000210                memchr
 .text          0x080002b0      0x378 C:/ST/STM32CubeIDE_1.18.1/STM32CubeIDE/plugins/com.st.stm32cube.ide.mcu.externaltools.gnu-tools-for-stm32.13.3.rel1.win32_1.0.0.202411081344/tools/bin/../lib/gcc/arm-none-eabi/13.3.1/thumb/v7e-m+fp/hard\libgcc.a(_arm_addsubdf3.o)
                0x080002b0                __aeabi_drsub
                0x080002b8                __aeabi_dsub
                0x080002b8                __subdf3
                0x080002bc                __aeabi_dadd
                0x080002bc                __adddf3
                0x08000534                __floatunsidf
                0x08000534                __aeabi_ui2d
                0x08000554                __floatsidf
                0x08000554                __aeabi_i2d
                0x08000578                __aeabi_f2d
                0x08000578                __extendsfdf2
                0x080005bc                __floatundidf
                0x080005bc                __aeabi_ul2d
                0x080005cc                __floatdidf
                0x080005cc                __aeabi_l2d
 .text          0x08000628      0x424 C:/ST/STM32CubeIDE_1.18.1/STM32CubeIDE/plugins/com.st.stm32cube.ide.mcu.externaltools.gnu-tools-for-stm32.13.3.rel1.win32_1.0.0.202411081344/tools/bin/../lib/gcc/arm-none-eabi/13.3.1/thumb/v7e-m+fp/hard\libgcc.a(_arm_muldivdf3.o)
                0x08000628                __aeabi_dmul
                0x08000628                __muldf3
                0x0800087c                __divdf3
                0x0800087c                __aeabi_ddiv
 .text          0x08000a4c      0x110 C:/ST/STM32CubeIDE_1.18.1/STM32CubeIDE/plugins/com.st.stm32cube.ide.mcu.externaltools.gnu-tools-for-stm32.13.3.rel1.win32_1.0.0.202411081344/tools/bin/../lib/gcc/arm-none-eabi/13.3.1/thumb/v7e-m+fp/hard\libgcc.a(_arm_cmpdf2.o)
                0x08000a4c                __gtdf2
                0x08000a4c                __gedf2
                0x08000a54                __ltdf2
                0x08000a54                __ledf2
                0x08000a5c                __nedf2
                0x08000a5c                __eqdf2
                0x08000a5c                __cmpdf2
                0x08000ad8                __aeabi_cdrcmple
                0x08000ae8                __aeabi_cdcmpeq
                0x08000ae8                __aeabi_cdcmple
                0x08000af8                __aeabi_dcmpeq
                0x08000b0c                __aeabi_dcmplt
                0x08000b20                __aeabi_dcmple
                0x08000b34                __aeabi_dcmpge
                0x08000b48                __aeabi_dcmpgt
 .text          0x08000b5c       0x40 C:/ST/STM32CubeIDE_1.18.1/STM32CubeIDE/plugins/com.st.stm32cube.ide.mcu.externaltools.gnu-tools-for-stm32.13.3.rel1.win32_1.0.0.202411081344/tools/bin/../lib/gcc/arm-none-eabi/13.3.1/thumb/v7e-m+fp/hard\libgcc.a(_arm_fixunsdfsi.o)
                0x08000b5c                __aeabi_d2uiz
                0x08000b5c                __fixunsdfsi
 .text          0x08000b9c       0xa0 C:/ST/STM32CubeIDE_1.18.1/STM32CubeIDE/plugins/com.st.stm32cube.ide.mcu.externaltools.gnu-tools-for-stm32.13.3.rel1.win32_1.0.0.202411081344/tools/bin/../lib/gcc/arm-none-eabi/13.3.1/thumb/v7e-m+fp/hard\libgcc.a(_arm_truncdfsf2.o)
                0x08000b9c                __truncdfsf2
                0x08000b9c                __aeabi_d2f
 .text          0x08000c3c       0x30 C:/ST/STM32CubeIDE_1.18.1/STM32CubeIDE/plugins/com.st.stm32cube.ide.mcu.externaltools.gnu-tools-for-stm32.13.3.rel1.win32_1.0.0.202411081344/tools/bin/../lib/gcc/arm-none-eabi/13.3.1/thumb/v7e-m+fp/hard\libgcc.a(_aeabi_uldivmod.o)
                0x08000c3c                __aeabi_uldivmod
 .text          0x08000c6c       0x30 C:/ST/STM32CubeIDE_1.18.1/STM32CubeIDE/plugins/com.st.stm32cube.ide.mcu.externaltools.gnu-tools-for-stm32.13.3.rel1.win32_1.0.0.202411081344/tools/bin/../lib/gcc/arm-none-eabi/13.3.1/thumb/v7e-m+fp/hard\libgcc.a(_fixdfdi.o)
                0x08000c6c                __fixdfdi
                0x08000c6c                __aeabi_d2lz
 .text          0x08000c9c       0x3c C:/ST/STM32CubeIDE_1.18.1/STM32CubeIDE/plugins/com.st.stm32cube.ide.mcu.externaltools.gnu-tools-for-stm32.13.3.rel1.win32_1.0.0.202411081344/tools/bin/../lib/gcc/arm-none-eabi/13.3.1/thumb/v7e-m+fp/hard\libgcc.a(_fixunsdfdi.o)
                0x08000c9c                __fixunsdfdi
                0x08000c9c                __aeabi_d2ulz
 .text          0x08000cd8      0x2f8 C:/ST/STM32CubeIDE_1.18.1/STM32CubeIDE/plugins/com.st.stm32cube.ide.mcu.externaltools.gnu-tools-for-stm32.13.3.rel1.win32_1.0.0.202411081344/tools/bin/../lib/gcc/arm-none-eabi/13.3.1/thumb/v7e-m+fp/hard\libgcc.a(_udivmoddi4.o)
                0x08000cd8                __udivmoddi4
 .text          0x08000fd0        0x4 C:/ST/STM32CubeIDE_1.18.1/STM32CubeIDE/plugins/com.st.stm32cube.ide.mcu.externaltools.gnu-tools-for-stm32.13.3.rel1.win32_1.0.0.202411081344/tools/bin/../lib/gcc/arm-none-eabi/13.3.1/thumb/v7e-m+fp/hard\libgcc.a(_dvmd_tls.o)
                0x08000fd0                __aeabi_idiv0
                0x08000fd0                __aeabi_ldiv0
 *(.text*)
 .text._ZN11DroneConfigC2Ev
                0x08000fd4       0x48 ./App/Blogic/Src/Config.o
                0x08000fd4                DroneConfig::DroneConfig()
                0x08000fd4                DroneConfig::DroneConfig()
 .text._ZN11DroneConfigD2Ev
                0x0800101c       0x16 ./App/Blogic/Src/Config.o
                0x0800101c                DroneConfig::~DroneConfig()
                0x0800101c                DroneConfig::~DroneConfig()
 .text._ZN11DroneConfig7setModeE9DroneMode
                0x08001032       0x3a ./App/Blogic/Src/Config.o
                0x08001032                DroneConfig::setMode(DroneMode)
 .text._ZN5DroneC2EP10RCReceiverP16TelemetryManager
                0x0800106c       0x40 ./App/Blogic/Src/Drone.o
                0x0800106c                Drone::Drone(RCReceiver*, TelemetryManager*)
                0x0800106c                Drone::Drone(RCReceiver*, TelemetryManager*)
 .text._ZN5DroneD2Ev
                0x080010ac       0x34 ./App/Blogic/Src/Drone.o
                0x080010ac                Drone::~Drone()
                0x080010ac                Drone::~Drone()
 .text._ZN5Drone4initEv
                0x080010e0       0x40 ./App/Blogic/Src/Drone.o
                0x080010e0                Drone::init()
 .text._ZN5Drone6disarmEv
                0x08001120       0x26 ./App/Blogic/Src/Drone.o
                0x08001120                Drone::disarm()
 *fill*         0x08001146        0x2 
 .text._ZN16FlightControllerC2Ev
                0x08001148       0x54 ./App/Blogic/Src/FlightController.o
                0x08001148                FlightController::FlightController()
                0x08001148                FlightController::FlightController()
 .text._ZN16FlightControllerD2Ev
                0x0800119c       0x3e ./App/Blogic/Src/FlightController.o
                0x0800119c                FlightController::~FlightController()
                0x0800119c                FlightController::~FlightController()
 .text._ZN16FlightController4initEv
                0x080011da       0x64 ./App/Blogic/Src/FlightController.o
                0x080011da                FlightController::init()
 .text._ZN16FlightController6disarmEv
                0x0800123e       0x1a ./App/Blogic/Src/FlightController.o
                0x0800123e                FlightController::disarm()
 .text._ZN16FlightController13emergencyStopEv
                0x08001258       0x18 ./App/Blogic/Src/FlightController.o
                0x08001258                FlightController::emergencyStop()
 .text._ZN11IMU_MPU6050C2Ev
                0x08001270       0x24 ./App/Blogic/Src/FlightControllerInit.o
                0x08001270                IMU_MPU6050::IMU_MPU6050()
                0x08001270                IMU_MPU6050::IMU_MPU6050()
 .text._ZN16Barometer_bmp280C2Ev
                0x08001294       0x24 ./App/Blogic/Src/FlightControllerInit.o
                0x08001294                Barometer_bmp280::Barometer_bmp280()
                0x08001294                Barometer_bmp280::Barometer_bmp280()
 .text.FlightController_Initialize
                0x080012b8       0x38 ./App/Blogic/Src/FlightControllerInit.o
                0x080012b8                FlightController_Initialize
 .text._Z41__static_initialization_and_destruction_0v
                0x080012f0       0x5c ./App/Blogic/Src/FlightControllerInit.o
 .text._Z41__static_initialization_and_destruction_1v
                0x0800134c       0x50 ./App/Blogic/Src/FlightControllerInit.o
 .text._GLOBAL__sub_I_FlightController_Initialize
                0x0800139c        0xa ./App/Blogic/Src/FlightControllerInit.o
 .text._GLOBAL__sub_D_FlightController_Initialize
                0x080013a6        0xa ./App/Blogic/Src/FlightControllerInit.o
 .text.pid_tuning_cmd_init
                0x080013b0       0x6c ./App/Blogic/Src/pid_tuning_cmd.o
                0x080013b0                pid_tuning_cmd_init
 .text.parse_and_execute_command
                0x0800141c      0x5d0 ./App/Blogic/Src/pid_tuning_cmd.o
 .text.pid_tuning_cmd_update
                0x080019ec       0x58 ./App/Blogic/Src/pid_tuning_cmd.o
                0x080019ec                pid_tuning_cmd_update
 .text.pid_tuning_cmd_print_help
                0x08001a44       0x4c ./App/Blogic/Src/pid_tuning_cmd.o
                0x08001a44                pid_tuning_cmd_print_help
 .text.pid_tuning_cmd_print_gains
                0x08001a90      0x128 ./App/Blogic/Src/pid_tuning_cmd.o
                0x08001a90                pid_tuning_cmd_print_gains
 .text.tuning_init
                0x08001bb8       0xa0 ./App/Blogic/Src/tuning.o
                0x08001bb8                tuning_init
 .text.tuning_get_active_axis
                0x08001c58       0x12 ./App/Blogic/Src/tuning.o
                0x08001c58                tuning_get_active_axis
 *fill*         0x08001c6a        0x2 
 .text._ZN16TelemetryManagerC2Ev
                0x08001c6c       0x20 ./App/Communication/Src/DesktopTelemetryManager.o
                0x08001c6c                TelemetryManager::TelemetryManager()
                0x08001c6c                TelemetryManager::TelemetryManager()
 .text._ZN10RCReceiverC2Ev
                0x08001c8c       0x20 ./App/Communication/Src/IBUSReceiver.o
                0x08001c8c                RCReceiver::RCReceiver()
                0x08001c8c                RCReceiver::RCReceiver()
 .text._ZN19MCUTelemetryManagerC2Ev
                0x08001cac       0x24 ./App/Communication/Src/MCUTelemetryManager.o
                0x08001cac                MCUTelemetryManager::MCUTelemetryManager()
                0x08001cac                MCUTelemetryManager::MCUTelemetryManager()
 .text._ZN19MCUTelemetryManagerD2Ev
                0x08001cd0       0x24 ./App/Communication/Src/MCUTelemetryManager.o
                0x08001cd0                MCUTelemetryManager::~MCUTelemetryManager()
                0x08001cd0                MCUTelemetryManager::~MCUTelemetryManager()
 .text._ZN19MCUTelemetryManagerD0Ev
                0x08001cf4       0x20 ./App/Communication/Src/MCUTelemetryManager.o
                0x08001cf4                MCUTelemetryManager::~MCUTelemetryManager()
 .text._ZN19MCUTelemetryManager12LogStateVarsEv
                0x08001d14       0x14 ./App/Communication/Src/MCUTelemetryManager.o
                0x08001d14                MCUTelemetryManager::LogStateVars()
 .text._ZN10RCReceiverD2Ev
                0x08001d28       0x20 ./App/Communication/Src/RCReceiver.o
                0x08001d28                RCReceiver::~RCReceiver()
                0x08001d28                RCReceiver::~RCReceiver()
 .text._ZN17RC_Receiver_IA6_BC2Ev
                0x08001d48       0x74 ./App/Communication/Src/RC_Receiver_IA6_B.o
                0x08001d48                RC_Receiver_IA6_B::RC_Receiver_IA6_B()
                0x08001d48                RC_Receiver_IA6_B::RC_Receiver_IA6_B()
 .text._ZN17RC_Receiver_IA6_BD2Ev
                0x08001dbc       0x24 ./App/Communication/Src/RC_Receiver_IA6_B.o
                0x08001dbc                RC_Receiver_IA6_B::~RC_Receiver_IA6_B()
                0x08001dbc                RC_Receiver_IA6_B::~RC_Receiver_IA6_B()
 .text._ZN17RC_Receiver_IA6_BD0Ev
                0x08001de0       0x20 ./App/Communication/Src/RC_Receiver_IA6_B.o
                0x08001de0                RC_Receiver_IA6_B::~RC_Receiver_IA6_B()
 .text._ZN17RC_Receiver_IA6_B10getCommandEv
                0x08001e00      0x204 ./App/Communication/Src/RC_Receiver_IA6_B.o
                0x08001e00                RC_Receiver_IA6_B::getCommand()
 .text._ZN16TelemetryManagerD2Ev
                0x08002004       0x20 ./App/Communication/Src/TelemetryManager.o
                0x08002004                TelemetryManager::~TelemetryManager()
                0x08002004                TelemetryManager::~TelemetryManager()
 .text._ZN13ControlSystemC2Ev
                0x08002024       0xdc ./App/Control/Controller/Src/ControlSystem.o
                0x08002024                ControlSystem::ControlSystem()
                0x08002024                ControlSystem::ControlSystem()
 .text._ZN13ControlSystemD2Ev
                0x08002100       0x38 ./App/Control/Controller/Src/ControlSystem.o
                0x08002100                ControlSystem::~ControlSystem()
                0x08002100                ControlSystem::~ControlSystem()
 .text._ZN13ControlSystem4initEv
                0x08002138       0x80 ./App/Control/Controller/Src/ControlSystem.o
                0x08002138                ControlSystem::init()
 .text._ZN13ControlSystem24updatePIDGainsFromTuningEv
                0x080021b8       0xac ./App/Control/Controller/Src/ControlSystem.o
                0x080021b8                ControlSystem::updatePIDGainsFromTuning()
 .text._ZN15MotorControllerC2Ev
                0x08002264       0x16 ./App/Control/Controller/Src/MotorController.o
                0x08002264                MotorController::MotorController()
                0x08002264                MotorController::MotorController()
 .text._ZN15MotorControllerD2Ev
                0x0800227a       0x18 ./App/Control/Controller/Src/MotorController.o
                0x0800227a                MotorController::~MotorController()
                0x0800227a                MotorController::~MotorController()
 .text._ZN15MotorController4initEv
                0x08002292       0x32 ./App/Control/Controller/Src/MotorController.o
                0x08002292                MotorController::init()
 .text._ZN15MotorController6disarmEv
                0x080022c4       0x4c ./App/Control/Controller/Src/MotorController.o
                0x080022c4                MotorController::disarm()
 .text._ZN15MotorController13emergencyStopEv
                0x08002310       0x4c ./App/Control/Controller/Src/MotorController.o
                0x08002310                MotorController::emergencyStop()
 .text._ZN13PIDControllerC2Efffff
                0x0800235c       0x58 ./App/Control/Controller/Src/PIDController.o
                0x0800235c                PIDController::PIDController(float, float, float, float, float)
                0x0800235c                PIDController::PIDController(float, float, float, float, float)
 .text._ZN13PIDControllerD2Ev
                0x080023b4       0x16 ./App/Control/Controller/Src/PIDController.o
                0x080023b4                PIDController::~PIDController()
                0x080023b4                PIDController::~PIDController()
 .text._ZN13PIDController5resetEv
                0x080023ca       0x24 ./App/Control/Controller/Src/PIDController.o
                0x080023ca                PIDController::reset()
 .text._ZN13PIDController8setGainsEfff
                0x080023ee       0x32 ./App/Control/Controller/Src/PIDController.o
                0x080023ee                PIDController::setGains(float, float, float)
 .text._ZN13PIDController14setOutputLimitEf
                0x08002420       0x34 ./App/Control/Controller/Src/PIDController.o
                0x08002420                PIDController::setOutputLimit(float)
 .text._ZN19ComplementaryFilterC2Ef
                0x08002454       0x74 ./App/Control/Filters/Src/ComplementaryFilter.o
                0x08002454                ComplementaryFilter::ComplementaryFilter(float)
                0x08002454                ComplementaryFilter::ComplementaryFilter(float)
 .text._ZN19ComplementaryFilterD2Ev
                0x080024c8       0x24 ./App/Control/Filters/Src/ComplementaryFilter.o
                0x080024c8                ComplementaryFilter::~ComplementaryFilter()
                0x080024c8                ComplementaryFilter::~ComplementaryFilter()
 .text._ZN19ComplementaryFilterD0Ev
                0x080024ec       0x20 ./App/Control/Filters/Src/ComplementaryFilter.o
                0x080024ec                ComplementaryFilter::~ComplementaryFilter()
 .text._ZN19ComplementaryFilter5applyEf
                0x0800250c       0x72 ./App/Control/Filters/Src/ComplementaryFilter.o
                0x0800250c                ComplementaryFilter::apply(float)
 .text._ZN19ComplementaryFilter5resetEv
                0x0800257e       0x24 ./App/Control/Filters/Src/ComplementaryFilter.o
                0x0800257e                ComplementaryFilter::reset()
 *fill*         0x080025a2        0x2 
 .text._ZN9BarometerC2Ev
                0x080025a4       0x20 ./App/Control/Sensors/Src/Barometer.o
                0x080025a4                Barometer::Barometer()
                0x080025a4                Barometer::Barometer()
 .text._ZN9BarometerD2Ev
                0x080025c4       0x20 ./App/Control/Sensors/Src/Barometer.o
                0x080025c4                Barometer::~Barometer()
                0x080025c4                Barometer::~Barometer()
 .text._ZN16Barometer_bmp280D2Ev
                0x080025e4       0x24 ./App/Control/Sensors/Src/Barometer_bmp280.o
                0x080025e4                Barometer_bmp280::~Barometer_bmp280()
                0x080025e4                Barometer_bmp280::~Barometer_bmp280()
 .text._ZN16Barometer_bmp280D0Ev
                0x08002608       0x20 ./App/Control/Sensors/Src/Barometer_bmp280.o
                0x08002608                Barometer_bmp280::~Barometer_bmp280()
 .text._ZN16Barometer_bmp2804initEv
                0x08002628       0x22 ./App/Control/Sensors/Src/Barometer_bmp280.o
                0x08002628                Barometer_bmp280::init()
 .text._ZN16Barometer_bmp28012readPressureEv
                0x0800264a       0x20 ./App/Control/Sensors/Src/Barometer_bmp280.o
                0x0800264a                Barometer_bmp280::readPressure()
 .text._ZN16Barometer_bmp28015readTemperatureEv
                0x0800266a       0x20 ./App/Control/Sensors/Src/Barometer_bmp280.o
                0x0800266a                Barometer_bmp280::readTemperature()
 .text._ZN16Barometer_bmp28012readAltitudeEv
                0x0800268a       0x20 ./App/Control/Sensors/Src/Barometer_bmp280.o
                0x0800268a                Barometer_bmp280::readAltitude()
 .text._ZN16Barometer_bmp2808readDataEv
                0x080026aa       0x1a ./App/Control/Sensors/Src/Barometer_bmp280.o
                0x080026aa                Barometer_bmp280::readData()
 .text._ZN6FilterC2Ev
                0x080026c4       0x20 ./App/Control/Sensors/Src/Filter.o
                0x080026c4                Filter::Filter()
                0x080026c4                Filter::Filter()
 .text._ZN6FilterD2Ev
                0x080026e4       0x20 ./App/Control/Sensors/Src/Filter.o
                0x080026e4                Filter::~Filter()
                0x080026e4                Filter::~Filter()
 .text._ZN3IMUC2Ev
                0x08002704       0x20 ./App/Control/Sensors/Src/IMU.o
                0x08002704                IMU::IMU()
                0x08002704                IMU::IMU()
 .text._ZN3IMUD2Ev
                0x08002724       0x20 ./App/Control/Sensors/Src/IMU.o
                0x08002724                IMU::~IMU()
                0x08002724                IMU::~IMU()
 .text._ZN11IMU_MPU6050D2Ev
                0x08002744       0x24 ./App/Control/Sensors/Src/IMU_MPU6050.o
                0x08002744                IMU_MPU6050::~IMU_MPU6050()
                0x08002744                IMU_MPU6050::~IMU_MPU6050()
 .text._ZN11IMU_MPU6050D0Ev
                0x08002768       0x20 ./App/Control/Sensors/Src/IMU_MPU6050.o
                0x08002768                IMU_MPU6050::~IMU_MPU6050()
 .text._ZN11IMU_MPU60504initEv
                0x08002788       0x26 ./App/Control/Sensors/Src/IMU_MPU6050.o
                0x08002788                IMU_MPU6050::init()
 .text._ZN11IMU_MPU605017readAccelerometerEv
                0x080027ae       0x56 ./App/Control/Sensors/Src/IMU_MPU6050.o
                0x080027ae                IMU_MPU6050::readAccelerometer()
 .text._ZN11IMU_MPU605013readGyroscopeEv
                0x08002804       0x56 ./App/Control/Sensors/Src/IMU_MPU6050.o
                0x08002804                IMU_MPU6050::readGyroscope()
 .text._ZN11IMU_MPU60508readRollEv
                0x0800285a       0x20 ./App/Control/Sensors/Src/IMU_MPU6050.o
                0x0800285a                IMU_MPU6050::readRoll()
 .text._ZN11IMU_MPU60509readPitchEv
                0x0800287a       0x20 ./App/Control/Sensors/Src/IMU_MPU6050.o
                0x0800287a                IMU_MPU6050::readPitch()
 .text._ZN11IMU_MPU60509calibrateEv
                0x0800289a       0x20 ./App/Control/Sensors/Src/IMU_MPU6050.o
                0x0800289a                IMU_MPU6050::calibrate()
 .text._ZN11IMU_MPU60508readDataEv
                0x080028ba       0x1a ./App/Control/Sensors/Src/IMU_MPU6050.o
                0x080028ba                IMU_MPU6050::readData()
 .text._ZN12MagnetometerC2Ev
                0x080028d4       0x20 ./App/Control/Sensors/Src/Magnetometer.o
                0x080028d4                Magnetometer::Magnetometer()
                0x080028d4                Magnetometer::Magnetometer()
 .text._ZN12MagnetometerD2Ev
                0x080028f4       0x20 ./App/Control/Sensors/Src/Magnetometer.o
                0x080028f4                Magnetometer::~Magnetometer()
                0x080028f4                Magnetometer::~Magnetometer()
 .text._ZN18Magnetometer_GY273C2Ev
                0x08002914       0x44 ./App/Control/Sensors/Src/Magnetometer_GY273.o
                0x08002914                Magnetometer_GY273::Magnetometer_GY273()
                0x08002914                Magnetometer_GY273::Magnetometer_GY273()
 .text._ZN18Magnetometer_GY273D2Ev
                0x08002958       0x24 ./App/Control/Sensors/Src/Magnetometer_GY273.o
                0x08002958                Magnetometer_GY273::~Magnetometer_GY273()
                0x08002958                Magnetometer_GY273::~Magnetometer_GY273()
 .text._ZN18Magnetometer_GY273D0Ev
                0x0800297c       0x20 ./App/Control/Sensors/Src/Magnetometer_GY273.o
                0x0800297c                Magnetometer_GY273::~Magnetometer_GY273()
 .text._ZN18Magnetometer_GY2734initEv
                0x0800299c       0x16 ./App/Control/Sensors/Src/Magnetometer_GY273.o
                0x0800299c                Magnetometer_GY273::init()
 .text._ZN18Magnetometer_GY27317readMagneticFieldEv
                0x080029b2       0x50 ./App/Control/Sensors/Src/Magnetometer_GY273.o
                0x080029b2                Magnetometer_GY273::readMagneticField()
 *fill*         0x08002a02        0x6 
 .text._ZN18Magnetometer_GY27316calculateHeadingE13MagneticField
                0x08002a08       0xa8 ./App/Control/Sensors/Src/Magnetometer_GY273.o
                0x08002a08                Magnetometer_GY273::calculateHeading(MagneticField)
 .text._ZN18Magnetometer_GY2739calibrateEv
                0x08002ab0       0x16 ./App/Control/Sensors/Src/Magnetometer_GY273.o
                0x08002ab0                Magnetometer_GY273::calibrate()
 .text._ZN14StateEstimatorC2Ev
                0x08002ac6       0x2e ./App/Control/Sensors/Src/StateEstimator.o
                0x08002ac6                StateEstimator::StateEstimator()
                0x08002ac6                StateEstimator::StateEstimator()
 .text._ZN14StateEstimatorD2Ev
                0x08002af4       0x16 ./App/Control/Sensors/Src/StateEstimator.o
                0x08002af4                StateEstimator::~StateEstimator()
                0x08002af4                StateEstimator::~StateEstimator()
 .text._ZN14StateEstimator17initializeSensorsEv
                0x08002b0a       0x94 ./App/Control/Sensors/Src/StateEstimator.o
                0x08002b0a                StateEstimator::initializeSensors()
 *fill*         0x08002b9e        0x2 
 .text.main     0x08002ba0       0x94 ./Core/Src/main.o
                0x08002ba0                main
 .text.SystemClock_Config
                0x08002c34       0xd8 ./Core/Src/main.o
                0x08002c34                SystemClock_Config
 .text.MX_ADC1_Init
                0x08002d0c       0xa4 ./Core/Src/main.o
 .text.MX_I2C1_Init
                0x08002db0       0x5c ./Core/Src/main.o
 .text.MX_TIM1_Init
                0x08002e0c      0x164 ./Core/Src/main.o
 .text.MX_TIM2_Init
                0x08002f70       0x98 ./Core/Src/main.o
 .text.MX_USART1_UART_Init
                0x08003008       0x54 ./Core/Src/main.o
 .text.MX_USART2_UART_Init
                0x0800305c       0x54 ./Core/Src/main.o
 .text.MX_DMA_Init
                0x080030b0       0x40 ./Core/Src/main.o
 .text.MX_GPIO_Init
                0x080030f0       0x78 ./Core/Src/main.o
 .text.Error_Handler
                0x08003168        0xc ./Core/Src/main.o
                0x08003168                Error_Handler
 .text.HAL_MspInit
                0x08003174       0x50 ./Core/Src/stm32f4xx_hal_msp.o
                0x08003174                HAL_MspInit
 .text.HAL_ADC_MspInit
                0x080031c4       0x88 ./Core/Src/stm32f4xx_hal_msp.o
                0x080031c4                HAL_ADC_MspInit
 .text.HAL_I2C_MspInit
                0x0800324c       0x90 ./Core/Src/stm32f4xx_hal_msp.o
                0x0800324c                HAL_I2C_MspInit
 .text.HAL_TIM_PWM_MspInit
                0x080032dc       0x44 ./Core/Src/stm32f4xx_hal_msp.o
                0x080032dc                HAL_TIM_PWM_MspInit
 .text.HAL_TIM_Base_MspInit
                0x08003320       0x40 ./Core/Src/stm32f4xx_hal_msp.o
                0x08003320                HAL_TIM_Base_MspInit
 .text.HAL_TIM_MspPostInit
                0x08003360       0x74 ./Core/Src/stm32f4xx_hal_msp.o
                0x08003360                HAL_TIM_MspPostInit
 .text.HAL_UART_MspInit
                0x080033d4      0x160 ./Core/Src/stm32f4xx_hal_msp.o
                0x080033d4                HAL_UART_MspInit
 .text.NMI_Handler
                0x08003534        0x8 ./Core/Src/stm32f4xx_it.o
                0x08003534                NMI_Handler
 .text.HardFault_Handler
                0x0800353c        0x8 ./Core/Src/stm32f4xx_it.o
                0x0800353c                HardFault_Handler
 .text.MemManage_Handler
                0x08003544        0x8 ./Core/Src/stm32f4xx_it.o
                0x08003544                MemManage_Handler
 .text.BusFault_Handler
                0x0800354c        0x8 ./Core/Src/stm32f4xx_it.o
                0x0800354c                BusFault_Handler
 .text.UsageFault_Handler
                0x08003554        0x8 ./Core/Src/stm32f4xx_it.o
                0x08003554                UsageFault_Handler
 .text.SVC_Handler
                0x0800355c        0xe ./Core/Src/stm32f4xx_it.o
                0x0800355c                SVC_Handler
 .text.DebugMon_Handler
                0x0800356a        0xe ./Core/Src/stm32f4xx_it.o
                0x0800356a                DebugMon_Handler
 .text.PendSV_Handler
                0x08003578        0xe ./Core/Src/stm32f4xx_it.o
                0x08003578                PendSV_Handler
 .text.SysTick_Handler
                0x08003586        0xc ./Core/Src/stm32f4xx_it.o
                0x08003586                SysTick_Handler
 *fill*         0x08003592        0x2 
 .text.DMA2_Stream2_IRQHandler
                0x08003594       0x14 ./Core/Src/stm32f4xx_it.o
                0x08003594                DMA2_Stream2_IRQHandler
 .text._getpid  0x080035a8       0x10 ./Core/Src/syscalls.o
                0x080035a8                _getpid
 .text._kill    0x080035b8       0x20 ./Core/Src/syscalls.o
                0x080035b8                _kill
 .text._exit    0x080035d8       0x16 ./Core/Src/syscalls.o
                0x080035d8                _exit
 .text._read    0x080035ee       0x3a ./Core/Src/syscalls.o
                0x080035ee                _read
 .text._write   0x08003628       0x38 ./Core/Src/syscalls.o
                0x08003628                _write
 .text._close   0x08003660       0x18 ./Core/Src/syscalls.o
                0x08003660                _close
 .text._fstat   0x08003678       0x20 ./Core/Src/syscalls.o
                0x08003678                _fstat
 .text._isatty  0x08003698       0x16 ./Core/Src/syscalls.o
                0x08003698                _isatty
 .text._lseek   0x080036ae       0x1a ./Core/Src/syscalls.o
                0x080036ae                _lseek
 .text._sbrk    0x080036c8       0x6c ./Core/Src/sysmem.o
                0x080036c8                _sbrk
 .text.SystemInit
                0x08003734       0x24 ./Core/Src/system_stm32f4xx.o
                0x08003734                SystemInit
 .text.Reset_Handler
                0x08003758       0x50 ./Core/Startup/startup_stm32f401retx.o
                0x08003758                Reset_Handler
 .text.Default_Handler
                0x080037a8        0x2 ./Core/Startup/startup_stm32f401retx.o
                0x080037a8                RTC_Alarm_IRQHandler
                0x080037a8                EXTI2_IRQHandler
                0x080037a8                SPI4_IRQHandler
                0x080037a8                TIM1_CC_IRQHandler
                0x080037a8                DMA2_Stream5_IRQHandler
                0x080037a8                DMA1_Stream5_IRQHandler
                0x080037a8                PVD_IRQHandler
                0x080037a8                SDIO_IRQHandler
                0x080037a8                TAMP_STAMP_IRQHandler
                0x080037a8                EXTI3_IRQHandler
                0x080037a8                TIM1_UP_TIM10_IRQHandler
                0x080037a8                I2C3_ER_IRQHandler
                0x080037a8                EXTI0_IRQHandler
                0x080037a8                I2C2_EV_IRQHandler
                0x080037a8                DMA1_Stream2_IRQHandler
                0x080037a8                FPU_IRQHandler
                0x080037a8                SPI1_IRQHandler
                0x080037a8                TIM1_BRK_TIM9_IRQHandler
                0x080037a8                DMA2_Stream3_IRQHandler
                0x080037a8                USART6_IRQHandler
                0x080037a8                DMA2_Stream0_IRQHandler
                0x080037a8                TIM4_IRQHandler
                0x080037a8                I2C1_EV_IRQHandler
                0x080037a8                DMA1_Stream6_IRQHandler
                0x080037a8                DMA1_Stream1_IRQHandler
                0x080037a8                TIM3_IRQHandler
                0x080037a8                RCC_IRQHandler
                0x080037a8                Default_Handler
                0x080037a8                EXTI15_10_IRQHandler
                0x080037a8                ADC_IRQHandler
                0x080037a8                DMA1_Stream7_IRQHandler
                0x080037a8                TIM5_IRQHandler
                0x080037a8                DMA2_Stream7_IRQHandler
                0x080037a8                I2C3_EV_IRQHandler
                0x080037a8                EXTI9_5_IRQHandler
                0x080037a8                RTC_WKUP_IRQHandler
                0x080037a8                SPI2_IRQHandler
                0x080037a8                DMA1_Stream0_IRQHandler
                0x080037a8                EXTI4_IRQHandler
                0x080037a8                WWDG_IRQHandler
                0x080037a8                TIM2_IRQHandler
                0x080037a8                OTG_FS_WKUP_IRQHandler
                0x080037a8                TIM1_TRG_COM_TIM11_IRQHandler
                0x080037a8                EXTI1_IRQHandler
                0x080037a8                USART2_IRQHandler
                0x080037a8                I2C2_ER_IRQHandler
                0x080037a8                DMA2_Stream1_IRQHandler
                0x080037a8                FLASH_IRQHandler
                0x080037a8                DMA2_Stream4_IRQHandler
                0x080037a8                USART1_IRQHandler
                0x080037a8                OTG_FS_IRQHandler
                0x080037a8                SPI3_IRQHandler
                0x080037a8                DMA1_Stream4_IRQHandler
                0x080037a8                I2C1_ER_IRQHandler
                0x080037a8                DMA2_Stream6_IRQHandler
                0x080037a8                DMA1_Stream3_IRQHandler
 *fill*         0x080037aa        0x2 
 .text.HAL_Init
                0x080037ac       0x44 ./Drivers/STM32F4xx_HAL_Driver/Src/stm32f4xx_hal.o
                0x080037ac                HAL_Init
 .text.HAL_InitTick
                0x080037f0       0x60 ./Drivers/STM32F4xx_HAL_Driver/Src/stm32f4xx_hal.o
                0x080037f0                HAL_InitTick
 .text.HAL_IncTick
                0x08003850       0x28 ./Drivers/STM32F4xx_HAL_Driver/Src/stm32f4xx_hal.o
                0x08003850                HAL_IncTick
 .text.HAL_GetTick
                0x08003878       0x18 ./Drivers/STM32F4xx_HAL_Driver/Src/stm32f4xx_hal.o
                0x08003878                HAL_GetTick
 .text.HAL_Delay
                0x08003890       0x48 ./Drivers/STM32F4xx_HAL_Driver/Src/stm32f4xx_hal.o
                0x08003890                HAL_Delay
 .text.HAL_ADC_Init
                0x080038d8       0x86 ./Drivers/STM32F4xx_HAL_Driver/Src/stm32f4xx_hal_adc.o
                0x080038d8                HAL_ADC_Init
 *fill*         0x0800395e        0x2 
 .text.HAL_ADC_ConfigChannel
                0x08003960      0x244 ./Drivers/STM32F4xx_HAL_Driver/Src/stm32f4xx_hal_adc.o
                0x08003960                HAL_ADC_ConfigChannel
 .text.ADC_Init
                0x08003ba4      0x1f8 ./Drivers/STM32F4xx_HAL_Driver/Src/stm32f4xx_hal_adc.o
 .text.__NVIC_SetPriorityGrouping
                0x08003d9c       0x48 ./Drivers/STM32F4xx_HAL_Driver/Src/stm32f4xx_hal_cortex.o
 .text.__NVIC_GetPriorityGrouping
                0x08003de4       0x1c ./Drivers/STM32F4xx_HAL_Driver/Src/stm32f4xx_hal_cortex.o
 .text.__NVIC_EnableIRQ
                0x08003e00       0x3c ./Drivers/STM32F4xx_HAL_Driver/Src/stm32f4xx_hal_cortex.o
 .text.__NVIC_SetPriority
                0x08003e3c       0x54 ./Drivers/STM32F4xx_HAL_Driver/Src/stm32f4xx_hal_cortex.o
 .text.NVIC_EncodePriority
                0x08003e90       0x66 ./Drivers/STM32F4xx_HAL_Driver/Src/stm32f4xx_hal_cortex.o
 *fill*         0x08003ef6        0x2 
 .text.SysTick_Config
                0x08003ef8       0x44 ./Drivers/STM32F4xx_HAL_Driver/Src/stm32f4xx_hal_cortex.o
 .text.HAL_NVIC_SetPriorityGrouping
                0x08003f3c       0x16 ./Drivers/STM32F4xx_HAL_Driver/Src/stm32f4xx_hal_cortex.o
                0x08003f3c                HAL_NVIC_SetPriorityGrouping
 .text.HAL_NVIC_SetPriority
                0x08003f52       0x38 ./Drivers/STM32F4xx_HAL_Driver/Src/stm32f4xx_hal_cortex.o
                0x08003f52                HAL_NVIC_SetPriority
 .text.HAL_NVIC_EnableIRQ
                0x08003f8a       0x1c ./Drivers/STM32F4xx_HAL_Driver/Src/stm32f4xx_hal_cortex.o
                0x08003f8a                HAL_NVIC_EnableIRQ
 .text.HAL_SYSTICK_Config
                0x08003fa6       0x18 ./Drivers/STM32F4xx_HAL_Driver/Src/stm32f4xx_hal_cortex.o
                0x08003fa6                HAL_SYSTICK_Config
 *fill*         0x08003fbe        0x2 
 .text.HAL_DMA_Init
                0x08003fc0      0x15c ./Drivers/STM32F4xx_HAL_Driver/Src/stm32f4xx_hal_dma.o
                0x08003fc0                HAL_DMA_Init
 .text.HAL_DMA_IRQHandler
                0x0800411c      0x314 ./Drivers/STM32F4xx_HAL_Driver/Src/stm32f4xx_hal_dma.o
                0x0800411c                HAL_DMA_IRQHandler
 .text.DMA_CalcBaseAndBitshift
                0x08004430       0x6c ./Drivers/STM32F4xx_HAL_Driver/Src/stm32f4xx_hal_dma.o
 .text.DMA_CheckFifoParam
                0x0800449c       0xf8 ./Drivers/STM32F4xx_HAL_Driver/Src/stm32f4xx_hal_dma.o
 .text.HAL_GPIO_Init
                0x08004594      0x308 ./Drivers/STM32F4xx_HAL_Driver/Src/stm32f4xx_hal_gpio.o
                0x08004594                HAL_GPIO_Init
 .text.HAL_I2C_Init
                0x0800489c      0x288 ./Drivers/STM32F4xx_HAL_Driver/Src/stm32f4xx_hal_i2c.o
                0x0800489c                HAL_I2C_Init
 .text.HAL_I2C_Master_Transmit
                0x08004b24      0x1fc ./Drivers/STM32F4xx_HAL_Driver/Src/stm32f4xx_hal_i2c.o
                0x08004b24                HAL_I2C_Master_Transmit
 .text.HAL_I2C_Master_Transmit_IT
                0x08004d20      0x144 ./Drivers/STM32F4xx_HAL_Driver/Src/stm32f4xx_hal_i2c.o
                0x08004d20                HAL_I2C_Master_Transmit_IT
 .text.I2C_MasterRequestWrite
                0x08004e64      0x104 ./Drivers/STM32F4xx_HAL_Driver/Src/stm32f4xx_hal_i2c.o
 .text.I2C_WaitOnFlagUntilTimeout
                0x08004f68       0xf4 ./Drivers/STM32F4xx_HAL_Driver/Src/stm32f4xx_hal_i2c.o
 .text.I2C_WaitOnMasterAddressFlagUntilTimeout
                0x0800505c      0x140 ./Drivers/STM32F4xx_HAL_Driver/Src/stm32f4xx_hal_i2c.o
 .text.I2C_WaitOnTXEFlagUntilTimeout
                0x0800519c       0x90 ./Drivers/STM32F4xx_HAL_Driver/Src/stm32f4xx_hal_i2c.o
 .text.I2C_WaitOnBTFFlagUntilTimeout
                0x0800522c       0x90 ./Drivers/STM32F4xx_HAL_Driver/Src/stm32f4xx_hal_i2c.o
 .text.I2C_IsAcknowledgeFailed
                0x080052bc       0x5e ./Drivers/STM32F4xx_HAL_Driver/Src/stm32f4xx_hal_i2c.o
 *fill*         0x0800531a        0x2 
 .text.HAL_RCC_OscConfig
                0x0800531c      0x4f0 ./Drivers/STM32F4xx_HAL_Driver/Src/stm32f4xx_hal_rcc.o
                0x0800531c                HAL_RCC_OscConfig
 .text.HAL_RCC_ClockConfig
                0x0800580c      0x1cc ./Drivers/STM32F4xx_HAL_Driver/Src/stm32f4xx_hal_rcc.o
                0x0800580c                HAL_RCC_ClockConfig
 .text.HAL_RCC_GetSysClockFreq
                0x080059d8      0x20c ./Drivers/STM32F4xx_HAL_Driver/Src/stm32f4xx_hal_rcc.o
                0x080059d8                HAL_RCC_GetSysClockFreq
 .text.HAL_RCC_GetHCLKFreq
                0x08005be4       0x18 ./Drivers/STM32F4xx_HAL_Driver/Src/stm32f4xx_hal_rcc.o
                0x08005be4                HAL_RCC_GetHCLKFreq
 .text.HAL_RCC_GetPCLK1Freq
                0x08005bfc       0x28 ./Drivers/STM32F4xx_HAL_Driver/Src/stm32f4xx_hal_rcc.o
                0x08005bfc                HAL_RCC_GetPCLK1Freq
 .text.HAL_RCC_GetPCLK2Freq
                0x08005c24       0x28 ./Drivers/STM32F4xx_HAL_Driver/Src/stm32f4xx_hal_rcc.o
                0x08005c24                HAL_RCC_GetPCLK2Freq
 .text.HAL_TIM_Base_Init
                0x08005c4c       0x9e ./Drivers/STM32F4xx_HAL_Driver/Src/stm32f4xx_hal_tim.o
                0x08005c4c                HAL_TIM_Base_Init
 *fill*         0x08005cea        0x2 
 .text.HAL_TIM_Base_Start_IT
                0x08005cec       0xc4 ./Drivers/STM32F4xx_HAL_Driver/Src/stm32f4xx_hal_tim.o
                0x08005cec                HAL_TIM_Base_Start_IT
 .text.HAL_TIM_OC_Init
                0x08005db0       0x9e ./Drivers/STM32F4xx_HAL_Driver/Src/stm32f4xx_hal_tim.o
                0x08005db0                HAL_TIM_OC_Init
 .text.HAL_TIM_OC_MspInit
                0x08005e4e       0x14 ./Drivers/STM32F4xx_HAL_Driver/Src/stm32f4xx_hal_tim.o
                0x08005e4e                HAL_TIM_OC_MspInit
 .text.HAL_TIM_PWM_Init
                0x08005e62       0x9e ./Drivers/STM32F4xx_HAL_Driver/Src/stm32f4xx_hal_tim.o
                0x08005e62                HAL_TIM_PWM_Init
 .text.HAL_TIM_PWM_Start
                0x08005f00      0x160 ./Drivers/STM32F4xx_HAL_Driver/Src/stm32f4xx_hal_tim.o
                0x08005f00                HAL_TIM_PWM_Start
 .text.HAL_TIM_OC_ConfigChannel
                0x08006060       0xb8 ./Drivers/STM32F4xx_HAL_Driver/Src/stm32f4xx_hal_tim.o
                0x08006060                HAL_TIM_OC_ConfigChannel
 .text.HAL_TIM_PWM_ConfigChannel
                0x08006118      0x184 ./Drivers/STM32F4xx_HAL_Driver/Src/stm32f4xx_hal_tim.o
                0x08006118                HAL_TIM_PWM_ConfigChannel
 .text.HAL_TIM_ConfigClockSource
                0x0800629c      0x18e ./Drivers/STM32F4xx_HAL_Driver/Src/stm32f4xx_hal_tim.o
                0x0800629c                HAL_TIM_ConfigClockSource
 *fill*         0x0800642a        0x2 
 .text.TIM_Base_SetConfig
                0x0800642c      0x10c ./Drivers/STM32F4xx_HAL_Driver/Src/stm32f4xx_hal_tim.o
                0x0800642c                TIM_Base_SetConfig
 .text.TIM_OC1_SetConfig
                0x08006538       0xcc ./Drivers/STM32F4xx_HAL_Driver/Src/stm32f4xx_hal_tim.o
 .text.TIM_OC2_SetConfig
                0x08006604       0xd8 ./Drivers/STM32F4xx_HAL_Driver/Src/stm32f4xx_hal_tim.o
                0x08006604                TIM_OC2_SetConfig
 .text.TIM_OC3_SetConfig
                0x080066dc       0xd4 ./Drivers/STM32F4xx_HAL_Driver/Src/stm32f4xx_hal_tim.o
 .text.TIM_OC4_SetConfig
                0x080067b0       0xa0 ./Drivers/STM32F4xx_HAL_Driver/Src/stm32f4xx_hal_tim.o
 .text.TIM_TI1_ConfigInputStage
                0x08006850       0x5e ./Drivers/STM32F4xx_HAL_Driver/Src/stm32f4xx_hal_tim.o
 .text.TIM_TI2_ConfigInputStage
                0x080068ae       0x60 ./Drivers/STM32F4xx_HAL_Driver/Src/stm32f4xx_hal_tim.o
 .text.TIM_ITRx_SetConfig
                0x0800690e       0x36 ./Drivers/STM32F4xx_HAL_Driver/Src/stm32f4xx_hal_tim.o
 .text.TIM_ETR_SetConfig
                0x08006944       0x40 ./Drivers/STM32F4xx_HAL_Driver/Src/stm32f4xx_hal_tim.o
                0x08006944                TIM_ETR_SetConfig
 .text.TIM_CCxChannelCmd
                0x08006984       0x4a ./Drivers/STM32F4xx_HAL_Driver/Src/stm32f4xx_hal_tim.o
                0x08006984                TIM_CCxChannelCmd
 *fill*         0x080069ce        0x2 
 .text.HAL_TIMEx_MasterConfigSynchronization
                0x080069d0       0xdc ./Drivers/STM32F4xx_HAL_Driver/Src/stm32f4xx_hal_tim_ex.o
                0x080069d0                HAL_TIMEx_MasterConfigSynchronization
 .text.HAL_TIMEx_ConfigBreakDeadTime
                0x08006aac       0xa4 ./Drivers/STM32F4xx_HAL_Driver/Src/stm32f4xx_hal_tim_ex.o
                0x08006aac                HAL_TIMEx_ConfigBreakDeadTime
 .text.HAL_UART_Init
                0x08006b50       0xa0 ./Drivers/STM32F4xx_HAL_Driver/Src/stm32f4xx_hal_uart.o
                0x08006b50                HAL_UART_Init
 .text.HAL_UART_Transmit
                0x08006bf0      0x116 ./Drivers/STM32F4xx_HAL_Driver/Src/stm32f4xx_hal_uart.o
                0x08006bf0                HAL_UART_Transmit
 .text.HAL_UART_Receive_IT
                0x08006d06       0x4a ./Drivers/STM32F4xx_HAL_Driver/Src/stm32f4xx_hal_uart.o
                0x08006d06                HAL_UART_Receive_IT
 .text.UART_WaitOnFlagUntilTimeout
                0x08006d50       0xb2 ./Drivers/STM32F4xx_HAL_Driver/Src/stm32f4xx_hal_uart.o
 .text.UART_Start_Receive_IT
                0x08006e02       0x74 ./Drivers/STM32F4xx_HAL_Driver/Src/stm32f4xx_hal_uart.o
                0x08006e02                UART_Start_Receive_IT
 .text.UART_EndRxTransfer
                0x08006e76       0xc6 ./Drivers/STM32F4xx_HAL_Driver/Src/stm32f4xx_hal_uart.o
 .text.UART_SetConfig
                0x08006f3c      0x4e8 ./Drivers/STM32F4xx_HAL_Driver/Src/stm32f4xx_hal_uart.o
 .text.BMP280_Init
                0x08007424       0x48 ./app_drivers/Src/bmp280.o
                0x08007424                BMP280_Init
 .text.BMP280_Start_Reading
                0x0800746c       0x38 ./app_drivers/Src/bmp280.o
                0x0800746c                BMP280_Start_Reading
 .text.ESC_PWM_Init
                0x080074a4       0x6c ./app_drivers/Src/esc_pwm.o
                0x080074a4                ESC_PWM_Init
 .text.ESC_PWM_SetPulse_us
                0x08007510       0x60 ./app_drivers/Src/esc_pwm.o
                0x08007510                ESC_PWM_SetPulse_us
 .text.ESC_PWM_SetPulse
                0x08007570       0x7a ./app_drivers/Src/esc_pwm.o
                0x08007570                ESC_PWM_SetPulse
 *fill*         0x080075ea        0x2 
 .text.ESC_PWM_SetThrottle
                0x080075ec      0x260 ./app_drivers/Src/esc_pwm.o
                0x080075ec                ESC_PWM_SetThrottle
 .text.ESC_PWM_Calibrate
                0x0800784c       0x74 ./app_drivers/Src/esc_pwm.o
                0x0800784c                ESC_PWM_Calibrate
 .text.MPU6050_Init
                0x080078c0       0xa4 ./app_drivers/Src/mpu6050.o
                0x080078c0                MPU6050_Init
 .text.MPU6050_Configure
                0x08007964       0x6a ./app_drivers/Src/mpu6050.o
 .text.MPU6050_Start_Reading
                0x080079ce       0x3c ./app_drivers/Src/mpu6050.o
                0x080079ce                MPU6050_Start_Reading
 .text.MPU6050_Calibrate
                0x08007a0a      0x12c ./app_drivers/Src/mpu6050.o
                0x08007a0a                MPU6050_Calibrate
 .text._ZdlPvj  0x08007b36        0x4 C:/ST/STM32CubeIDE_1.18.1/STM32CubeIDE/plugins/com.st.stm32cube.ide.mcu.externaltools.gnu-tools-for-stm32.13.3.rel1.win32_1.0.0.202411081344/tools/bin/../lib/gcc/arm-none-eabi/13.3.1/../../../../arm-none-eabi/lib/thumb/v7e-m+fp/hard\libstdc++_nano.a(del_ops.o)
                0x08007b36                operator delete(void*, unsigned int)
 .text._ZdlPv   0x08007b3a        0x4 C:/ST/STM32CubeIDE_1.18.1/STM32CubeIDE/plugins/com.st.stm32cube.ide.mcu.externaltools.gnu-tools-for-stm32.13.3.rel1.win32_1.0.0.202411081344/tools/bin/../lib/gcc/arm-none-eabi/13.3.1/../../../../arm-none-eabi/lib/thumb/v7e-m+fp/hard\libstdc++_nano.a(del_op.o)
                0x08007b3a                operator delete(void*)
 .text.atan2f   0x08007b3e        0x4 C:/ST/STM32CubeIDE_1.18.1/STM32CubeIDE/plugins/com.st.stm32cube.ide.mcu.externaltools.gnu-tools-for-stm32.13.3.rel1.win32_1.0.0.202411081344/tools/bin/../lib/gcc/arm-none-eabi/13.3.1/../../../../arm-none-eabi/lib/thumb/v7e-m+fp/hard\libm.a(libm_a-wf_atan2.o)
                0x08007b3e                atan2f
 *fill*         0x08007b42        0x2 
 .text.__ieee754_atan2f
                0x08007b44      0x140 C:/ST/STM32CubeIDE_1.18.1/STM32CubeIDE/plugins/com.st.stm32cube.ide.mcu.externaltools.gnu-tools-for-stm32.13.3.rel1.win32_1.0.0.202411081344/tools/bin/../lib/gcc/arm-none-eabi/13.3.1/../../../../arm-none-eabi/lib/thumb/v7e-m+fp/hard\libm.a(libm_a-ef_atan2.o)
                0x08007b44                __ieee754_atan2f
 .text.atanf    0x08007c84      0x1a8 C:/ST/STM32CubeIDE_1.18.1/STM32CubeIDE/plugins/com.st.stm32cube.ide.mcu.externaltools.gnu-tools-for-stm32.13.3.rel1.win32_1.0.0.202411081344/tools/bin/../lib/gcc/arm-none-eabi/13.3.1/../../../../arm-none-eabi/lib/thumb/v7e-m+fp/hard\libm.a(libm_a-sf_atan.o)
                0x08007c84                atanf
 .text.fabsf    0x08007e2c        0xe C:/ST/STM32CubeIDE_1.18.1/STM32CubeIDE/plugins/com.st.stm32cube.ide.mcu.externaltools.gnu-tools-for-stm32.13.3.rel1.win32_1.0.0.202411081344/tools/bin/../lib/gcc/arm-none-eabi/13.3.1/../../../../arm-none-eabi/lib/thumb/v7e-m+fp/hard\libm.a(libm_a-sf_fabs.o)
                0x08007e2c                fabsf
 .text.atof     0x08007e3a        0x6 C:/ST/STM32CubeIDE_1.18.1/STM32CubeIDE/plugins/com.st.stm32cube.ide.mcu.externaltools.gnu-tools-for-stm32.13.3.rel1.win32_1.0.0.202411081344/tools/bin/../lib/gcc/arm-none-eabi/13.3.1/../../../../arm-none-eabi/lib/thumb/v7e-m+fp/hard\libc_nano.a(libc_a-atof.o)
                0x08007e3a                atof
 .text.malloc   0x08007e40       0x10 C:/ST/STM32CubeIDE_1.18.1/STM32CubeIDE/plugins/com.st.stm32cube.ide.mcu.externaltools.gnu-tools-for-stm32.13.3.rel1.win32_1.0.0.202411081344/tools/bin/../lib/gcc/arm-none-eabi/13.3.1/../../../../arm-none-eabi/lib/thumb/v7e-m+fp/hard\libc_nano.a(libc_a-malloc.o)
                0x08007e40                malloc
 .text.free     0x08007e50       0x10 C:/ST/STM32CubeIDE_1.18.1/STM32CubeIDE/plugins/com.st.stm32cube.ide.mcu.externaltools.gnu-tools-for-stm32.13.3.rel1.win32_1.0.0.202411081344/tools/bin/../lib/gcc/arm-none-eabi/13.3.1/../../../../arm-none-eabi/lib/thumb/v7e-m+fp/hard\libc_nano.a(libc_a-malloc.o)
                0x08007e50                free
 .text.sbrk_aligned
                0x08007e60       0x44 C:/ST/STM32CubeIDE_1.18.1/STM32CubeIDE/plugins/com.st.stm32cube.ide.mcu.externaltools.gnu-tools-for-stm32.13.3.rel1.win32_1.0.0.202411081344/tools/bin/../lib/gcc/arm-none-eabi/13.3.1/../../../../arm-none-eabi/lib/thumb/v7e-m+fp/hard\libc_nano.a(libc_a-mallocr.o)
 .text._malloc_r
                0x08007ea4      0x100 C:/ST/STM32CubeIDE_1.18.1/STM32CubeIDE/plugins/com.st.stm32cube.ide.mcu.externaltools.gnu-tools-for-stm32.13.3.rel1.win32_1.0.0.202411081344/tools/bin/../lib/gcc/arm-none-eabi/13.3.1/../../../../arm-none-eabi/lib/thumb/v7e-m+fp/hard\libc_nano.a(libc_a-mallocr.o)
                0x08007ea4                _malloc_r
 .text.__malloc_lock
                0x08007fa4        0xc C:/ST/STM32CubeIDE_1.18.1/STM32CubeIDE/plugins/com.st.stm32cube.ide.mcu.externaltools.gnu-tools-for-stm32.13.3.rel1.win32_1.0.0.202411081344/tools/bin/../lib/gcc/arm-none-eabi/13.3.1/../../../../arm-none-eabi/lib/thumb/v7e-m+fp/hard\libc_nano.a(libc_a-mlock.o)
                0x08007fa4                __malloc_lock
 .text.__malloc_unlock
                0x08007fb0        0xc C:/ST/STM32CubeIDE_1.18.1/STM32CubeIDE/plugins/com.st.stm32cube.ide.mcu.externaltools.gnu-tools-for-stm32.13.3.rel1.win32_1.0.0.202411081344/tools/bin/../lib/gcc/arm-none-eabi/13.3.1/../../../../arm-none-eabi/lib/thumb/v7e-m+fp/hard\libc_nano.a(libc_a-mlock.o)
                0x08007fb0                __malloc_unlock
 .text.sulp     0x08007fbc       0x3c C:/ST/STM32CubeIDE_1.18.1/STM32CubeIDE/plugins/com.st.stm32cube.ide.mcu.externaltools.gnu-tools-for-stm32.13.3.rel1.win32_1.0.0.202411081344/tools/bin/../lib/gcc/arm-none-eabi/13.3.1/../../../../arm-none-eabi/lib/thumb/v7e-m+fp/hard\libc_nano.a(libc_a-strtod.o)
 .text._strtod_l
                0x08007ff8      0xbc8 C:/ST/STM32CubeIDE_1.18.1/STM32CubeIDE/plugins/com.st.stm32cube.ide.mcu.externaltools.gnu-tools-for-stm32.13.3.rel1.win32_1.0.0.202411081344/tools/bin/../lib/gcc/arm-none-eabi/13.3.1/../../../../arm-none-eabi/lib/thumb/v7e-m+fp/hard\libc_nano.a(libc_a-strtod.o)
                0x08007ff8                _strtod_l
 .text.strtod   0x08008bc0       0x18 C:/ST/STM32CubeIDE_1.18.1/STM32CubeIDE/plugins/com.st.stm32cube.ide.mcu.externaltools.gnu-tools-for-stm32.13.3.rel1.win32_1.0.0.202411081344/tools/bin/../lib/gcc/arm-none-eabi/13.3.1/../../../../arm-none-eabi/lib/thumb/v7e-m+fp/hard\libc_nano.a(libc_a-strtod.o)
                0x08008bc0                strtod
 .text.std      0x08008bd8       0x6c C:/ST/STM32CubeIDE_1.18.1/STM32CubeIDE/plugins/com.st.stm32cube.ide.mcu.externaltools.gnu-tools-for-stm32.13.3.rel1.win32_1.0.0.202411081344/tools/bin/../lib/gcc/arm-none-eabi/13.3.1/../../../../arm-none-eabi/lib/thumb/v7e-m+fp/hard\libc_nano.a(libc_a-findfp.o)
 .text.stdio_exit_handler
                0x08008c44       0x18 C:/ST/STM32CubeIDE_1.18.1/STM32CubeIDE/plugins/com.st.stm32cube.ide.mcu.externaltools.gnu-tools-for-stm32.13.3.rel1.win32_1.0.0.202411081344/tools/bin/../lib/gcc/arm-none-eabi/13.3.1/../../../../arm-none-eabi/lib/thumb/v7e-m+fp/hard\libc_nano.a(libc_a-findfp.o)
 .text.cleanup_stdio
                0x08008c5c       0x40 C:/ST/STM32CubeIDE_1.18.1/STM32CubeIDE/plugins/com.st.stm32cube.ide.mcu.externaltools.gnu-tools-for-stm32.13.3.rel1.win32_1.0.0.202411081344/tools/bin/../lib/gcc/arm-none-eabi/13.3.1/../../../../arm-none-eabi/lib/thumb/v7e-m+fp/hard\libc_nano.a(libc_a-findfp.o)
 .text.global_stdio_init.part.0
                0x08008c9c       0x3c C:/ST/STM32CubeIDE_1.18.1/STM32CubeIDE/plugins/com.st.stm32cube.ide.mcu.externaltools.gnu-tools-for-stm32.13.3.rel1.win32_1.0.0.202411081344/tools/bin/../lib/gcc/arm-none-eabi/13.3.1/../../../../arm-none-eabi/lib/thumb/v7e-m+fp/hard\libc_nano.a(libc_a-findfp.o)
 .text.__sfp_lock_acquire
                0x08008cd8        0xc C:/ST/STM32CubeIDE_1.18.1/STM32CubeIDE/plugins/com.st.stm32cube.ide.mcu.externaltools.gnu-tools-for-stm32.13.3.rel1.win32_1.0.0.202411081344/tools/bin/../lib/gcc/arm-none-eabi/13.3.1/../../../../arm-none-eabi/lib/thumb/v7e-m+fp/hard\libc_nano.a(libc_a-findfp.o)
                0x08008cd8                __sfp_lock_acquire
 .text.__sfp_lock_release
                0x08008ce4        0xc C:/ST/STM32CubeIDE_1.18.1/STM32CubeIDE/plugins/com.st.stm32cube.ide.mcu.externaltools.gnu-tools-for-stm32.13.3.rel1.win32_1.0.0.202411081344/tools/bin/../lib/gcc/arm-none-eabi/13.3.1/../../../../arm-none-eabi/lib/thumb/v7e-m+fp/hard\libc_nano.a(libc_a-findfp.o)
                0x08008ce4                __sfp_lock_release
 .text.__sinit  0x08008cf0       0x30 C:/ST/STM32CubeIDE_1.18.1/STM32CubeIDE/plugins/com.st.stm32cube.ide.mcu.externaltools.gnu-tools-for-stm32.13.3.rel1.win32_1.0.0.202411081344/tools/bin/../lib/gcc/arm-none-eabi/13.3.1/../../../../arm-none-eabi/lib/thumb/v7e-m+fp/hard\libc_nano.a(libc_a-findfp.o)
                0x08008cf0                __sinit
 .text._fwalk_sglue
                0x08008d20       0x3c C:/ST/STM32CubeIDE_1.18.1/STM32CubeIDE/plugins/com.st.stm32cube.ide.mcu.externaltools.gnu-tools-for-stm32.13.3.rel1.win32_1.0.0.202411081344/tools/bin/../lib/gcc/arm-none-eabi/13.3.1/../../../../arm-none-eabi/lib/thumb/v7e-m+fp/hard\libc_nano.a(libc_a-fwalk.o)
                0x08008d20                _fwalk_sglue
 .text.snprintf
                0x08008d5c       0x6c C:/ST/STM32CubeIDE_1.18.1/STM32CubeIDE/plugins/com.st.stm32cube.ide.mcu.externaltools.gnu-tools-for-stm32.13.3.rel1.win32_1.0.0.202411081344/tools/bin/../lib/gcc/arm-none-eabi/13.3.1/../../../../arm-none-eabi/lib/thumb/v7e-m+fp/hard\libc_nano.a(libc_a-snprintf.o)
                0x08008d5c                sniprintf
                0x08008d5c                snprintf
 .text.__sread  0x08008dc8       0x22 C:/ST/STM32CubeIDE_1.18.1/STM32CubeIDE/plugins/com.st.stm32cube.ide.mcu.externaltools.gnu-tools-for-stm32.13.3.rel1.win32_1.0.0.202411081344/tools/bin/../lib/gcc/arm-none-eabi/13.3.1/../../../../arm-none-eabi/lib/thumb/v7e-m+fp/hard\libc_nano.a(libc_a-stdio.o)
                0x08008dc8                __sread
 .text.__swrite
                0x08008dea       0x38 C:/ST/STM32CubeIDE_1.18.1/STM32CubeIDE/plugins/com.st.stm32cube.ide.mcu.externaltools.gnu-tools-for-stm32.13.3.rel1.win32_1.0.0.202411081344/tools/bin/../lib/gcc/arm-none-eabi/13.3.1/../../../../arm-none-eabi/lib/thumb/v7e-m+fp/hard\libc_nano.a(libc_a-stdio.o)
                0x08008dea                __swrite
 .text.__sseek  0x08008e22       0x24 C:/ST/STM32CubeIDE_1.18.1/STM32CubeIDE/plugins/com.st.stm32cube.ide.mcu.externaltools.gnu-tools-for-stm32.13.3.rel1.win32_1.0.0.202411081344/tools/bin/../lib/gcc/arm-none-eabi/13.3.1/../../../../arm-none-eabi/lib/thumb/v7e-m+fp/hard\libc_nano.a(libc_a-stdio.o)
                0x08008e22                __sseek
 .text.__sclose
                0x08008e46        0x8 C:/ST/STM32CubeIDE_1.18.1/STM32CubeIDE/plugins/com.st.stm32cube.ide.mcu.externaltools.gnu-tools-for-stm32.13.3.rel1.win32_1.0.0.202411081344/tools/bin/../lib/gcc/arm-none-eabi/13.3.1/../../../../arm-none-eabi/lib/thumb/v7e-m+fp/hard\libc_nano.a(libc_a-stdio.o)
                0x08008e46                __sclose
 .text.memset   0x08008e4e       0x10 C:/ST/STM32CubeIDE_1.18.1/STM32CubeIDE/plugins/com.st.stm32cube.ide.mcu.externaltools.gnu-tools-for-stm32.13.3.rel1.win32_1.0.0.202411081344/tools/bin/../lib/gcc/arm-none-eabi/13.3.1/../../../../arm-none-eabi/lib/thumb/v7e-m+fp/hard\libc_nano.a(libc_a-memset.o)
                0x08008e4e                memset
 .text.strncmp  0x08008e5e       0x24 C:/ST/STM32CubeIDE_1.18.1/STM32CubeIDE/plugins/com.st.stm32cube.ide.mcu.externaltools.gnu-tools-for-stm32.13.3.rel1.win32_1.0.0.202411081344/tools/bin/../lib/gcc/arm-none-eabi/13.3.1/../../../../arm-none-eabi/lib/thumb/v7e-m+fp/hard\libc_nano.a(libc_a-strncmp.o)
                0x08008e5e                strncmp
 .text.strncpy  0x08008e82       0x26 C:/ST/STM32CubeIDE_1.18.1/STM32CubeIDE/plugins/com.st.stm32cube.ide.mcu.externaltools.gnu-tools-for-stm32.13.3.rel1.win32_1.0.0.202411081344/tools/bin/../lib/gcc/arm-none-eabi/13.3.1/../../../../arm-none-eabi/lib/thumb/v7e-m+fp/hard\libc_nano.a(libc_a-strncpy.o)
                0x08008e82                strncpy
 .text.strtok   0x08008ea8       0x68 C:/ST/STM32CubeIDE_1.18.1/STM32CubeIDE/plugins/com.st.stm32cube.ide.mcu.externaltools.gnu-tools-for-stm32.13.3.rel1.win32_1.0.0.202411081344/tools/bin/../lib/gcc/arm-none-eabi/13.3.1/../../../../arm-none-eabi/lib/thumb/v7e-m+fp/hard\libc_nano.a(libc_a-strtok.o)
                0x08008ea8                strtok
 .text.__strtok_r
                0x08008f10       0x50 C:/ST/STM32CubeIDE_1.18.1/STM32CubeIDE/plugins/com.st.stm32cube.ide.mcu.externaltools.gnu-tools-for-stm32.13.3.rel1.win32_1.0.0.202411081344/tools/bin/../lib/gcc/arm-none-eabi/13.3.1/../../../../arm-none-eabi/lib/thumb/v7e-m+fp/hard\libc_nano.a(libc_a-strtok_r.o)
                0x08008f10                __strtok_r
 .text._close_r
                0x08008f60       0x20 C:/ST/STM32CubeIDE_1.18.1/STM32CubeIDE/plugins/com.st.stm32cube.ide.mcu.externaltools.gnu-tools-for-stm32.13.3.rel1.win32_1.0.0.202411081344/tools/bin/../lib/gcc/arm-none-eabi/13.3.1/../../../../arm-none-eabi/lib/thumb/v7e-m+fp/hard\libc_nano.a(libc_a-closer.o)
                0x08008f60                _close_r
 .text._lseek_r
                0x08008f80       0x24 C:/ST/STM32CubeIDE_1.18.1/STM32CubeIDE/plugins/com.st.stm32cube.ide.mcu.externaltools.gnu-tools-for-stm32.13.3.rel1.win32_1.0.0.202411081344/tools/bin/../lib/gcc/arm-none-eabi/13.3.1/../../../../arm-none-eabi/lib/thumb/v7e-m+fp/hard\libc_nano.a(libc_a-lseekr.o)
                0x08008f80                _lseek_r
 .text._read_r  0x08008fa4       0x24 C:/ST/STM32CubeIDE_1.18.1/STM32CubeIDE/plugins/com.st.stm32cube.ide.mcu.externaltools.gnu-tools-for-stm32.13.3.rel1.win32_1.0.0.202411081344/tools/bin/../lib/gcc/arm-none-eabi/13.3.1/../../../../arm-none-eabi/lib/thumb/v7e-m+fp/hard\libc_nano.a(libc_a-readr.o)
                0x08008fa4                _read_r
 .text._sbrk_r  0x08008fc8       0x20 C:/ST/STM32CubeIDE_1.18.1/STM32CubeIDE/plugins/com.st.stm32cube.ide.mcu.externaltools.gnu-tools-for-stm32.13.3.rel1.win32_1.0.0.202411081344/tools/bin/../lib/gcc/arm-none-eabi/13.3.1/../../../../arm-none-eabi/lib/thumb/v7e-m+fp/hard\libc_nano.a(libc_a-sbrkr.o)
                0x08008fc8                _sbrk_r
 .text._write_r
                0x08008fe8       0x24 C:/ST/STM32CubeIDE_1.18.1/STM32CubeIDE/plugins/com.st.stm32cube.ide.mcu.externaltools.gnu-tools-for-stm32.13.3.rel1.win32_1.0.0.202411081344/tools/bin/../lib/gcc/arm-none-eabi/13.3.1/../../../../arm-none-eabi/lib/thumb/v7e-m+fp/hard\libc_nano.a(libc_a-writer.o)
                0x08008fe8                _write_r
 .text.__errno  0x0800900c        0xc C:/ST/STM32CubeIDE_1.18.1/STM32CubeIDE/plugins/com.st.stm32cube.ide.mcu.externaltools.gnu-tools-for-stm32.13.3.rel1.win32_1.0.0.202411081344/tools/bin/../lib/gcc/arm-none-eabi/13.3.1/../../../../arm-none-eabi/lib/thumb/v7e-m+fp/hard\libc_nano.a(libc_a-errno.o)
                0x0800900c                __errno
 .text.__libc_init_array
                0x08009018       0x48 C:/ST/STM32CubeIDE_1.18.1/STM32CubeIDE/plugins/com.st.stm32cube.ide.mcu.externaltools.gnu-tools-for-stm32.13.3.rel1.win32_1.0.0.202411081344/tools/bin/../lib/gcc/arm-none-eabi/13.3.1/../../../../arm-none-eabi/lib/thumb/v7e-m+fp/hard\libc_nano.a(libc_a-init.o)
                0x08009018                __libc_init_array
 .text.__retarget_lock_init_recursive
                0x08009060        0x2 C:/ST/STM32CubeIDE_1.18.1/STM32CubeIDE/plugins/com.st.stm32cube.ide.mcu.externaltools.gnu-tools-for-stm32.13.3.rel1.win32_1.0.0.202411081344/tools/bin/../lib/gcc/arm-none-eabi/13.3.1/../../../../arm-none-eabi/lib/thumb/v7e-m+fp/hard\libc_nano.a(libc_a-lock.o)
                0x08009060                __retarget_lock_init_recursive
 .text.__retarget_lock_acquire_recursive
                0x08009062        0x2 C:/ST/STM32CubeIDE_1.18.1/STM32CubeIDE/plugins/com.st.stm32cube.ide.mcu.externaltools.gnu-tools-for-stm32.13.3.rel1.win32_1.0.0.202411081344/tools/bin/../lib/gcc/arm-none-eabi/13.3.1/../../../../arm-none-eabi/lib/thumb/v7e-m+fp/hard\libc_nano.a(libc_a-lock.o)
                0x08009062                __retarget_lock_acquire_recursive
 .text.__retarget_lock_release_recursive
                0x08009064        0x2 C:/ST/STM32CubeIDE_1.18.1/STM32CubeIDE/plugins/com.st.stm32cube.ide.mcu.externaltools.gnu-tools-for-stm32.13.3.rel1.win32_1.0.0.202411081344/tools/bin/../lib/gcc/arm-none-eabi/13.3.1/../../../../arm-none-eabi/lib/thumb/v7e-m+fp/hard\libc_nano.a(libc_a-lock.o)
                0x08009064                __retarget_lock_release_recursive
 .text.memcpy   0x08009066       0x1c C:/ST/STM32CubeIDE_1.18.1/STM32CubeIDE/plugins/com.st.stm32cube.ide.mcu.externaltools.gnu-tools-for-stm32.13.3.rel1.win32_1.0.0.202411081344/tools/bin/../lib/gcc/arm-none-eabi/13.3.1/../../../../arm-none-eabi/lib/thumb/v7e-m+fp/hard\libc_nano.a(libc_a-memcpy-stub.o)
                0x08009066                memcpy
 *fill*         0x08009082        0x6 
 .text.nan      0x08009088       0x10 C:/ST/STM32CubeIDE_1.18.1/STM32CubeIDE/plugins/com.st.stm32cube.ide.mcu.externaltools.gnu-tools-for-stm32.13.3.rel1.win32_1.0.0.202411081344/tools/bin/../lib/gcc/arm-none-eabi/13.3.1/../../../../arm-none-eabi/lib/thumb/v7e-m+fp/hard\libc_nano.a(libm_a-s_nan.o)
                0x08009088                nan
 .text.__assert_func
                0x08009098       0x3c C:/ST/STM32CubeIDE_1.18.1/STM32CubeIDE/plugins/com.st.stm32cube.ide.mcu.externaltools.gnu-tools-for-stm32.13.3.rel1.win32_1.0.0.202411081344/tools/bin/../lib/gcc/arm-none-eabi/13.3.1/../../../../arm-none-eabi/lib/thumb/v7e-m+fp/hard\libc_nano.a(libc_a-assert.o)
                0x08009098                __assert_func
 .text._free_r  0x080090d4       0x94 C:/ST/STM32CubeIDE_1.18.1/STM32CubeIDE/plugins/com.st.stm32cube.ide.mcu.externaltools.gnu-tools-for-stm32.13.3.rel1.win32_1.0.0.202411081344/tools/bin/../lib/gcc/arm-none-eabi/13.3.1/../../../../arm-none-eabi/lib/thumb/v7e-m+fp/hard\libc_nano.a(libc_a-freer.o)
                0x080090d4                _free_r
 .text.rshift   0x08009168       0xa4 C:/ST/STM32CubeIDE_1.18.1/STM32CubeIDE/plugins/com.st.stm32cube.ide.mcu.externaltools.gnu-tools-for-stm32.13.3.rel1.win32_1.0.0.202411081344/tools/bin/../lib/gcc/arm-none-eabi/13.3.1/../../../../arm-none-eabi/lib/thumb/v7e-m+fp/hard\libc_nano.a(libc_a-gdtoa-gethex.o)
 .text.__hexdig_fun
                0x0800920c       0x2a C:/ST/STM32CubeIDE_1.18.1/STM32CubeIDE/plugins/com.st.stm32cube.ide.mcu.externaltools.gnu-tools-for-stm32.13.3.rel1.win32_1.0.0.202411081344/tools/bin/../lib/gcc/arm-none-eabi/13.3.1/../../../../arm-none-eabi/lib/thumb/v7e-m+fp/hard\libc_nano.a(libc_a-gdtoa-gethex.o)
                0x0800920c                __hexdig_fun
 *fill*         0x08009236        0x2 
 .text.__gethex
                0x08009238      0x420 C:/ST/STM32CubeIDE_1.18.1/STM32CubeIDE/plugins/com.st.stm32cube.ide.mcu.externaltools.gnu-tools-for-stm32.13.3.rel1.win32_1.0.0.202411081344/tools/bin/../lib/gcc/arm-none-eabi/13.3.1/../../../../arm-none-eabi/lib/thumb/v7e-m+fp/hard\libc_nano.a(libc_a-gdtoa-gethex.o)
                0x08009238                __gethex
 .text.L_shift  0x08009658       0x24 C:/ST/STM32CubeIDE_1.18.1/STM32CubeIDE/plugins/com.st.stm32cube.ide.mcu.externaltools.gnu-tools-for-stm32.13.3.rel1.win32_1.0.0.202411081344/tools/bin/../lib/gcc/arm-none-eabi/13.3.1/../../../../arm-none-eabi/lib/thumb/v7e-m+fp/hard\libc_nano.a(libc_a-gdtoa-hexnan.o)
 .text.__match  0x0800967c       0x28 C:/ST/STM32CubeIDE_1.18.1/STM32CubeIDE/plugins/com.st.stm32cube.ide.mcu.externaltools.gnu-tools-for-stm32.13.3.rel1.win32_1.0.0.202411081344/tools/bin/../lib/gcc/arm-none-eabi/13.3.1/../../../../arm-none-eabi/lib/thumb/v7e-m+fp/hard\libc_nano.a(libc_a-gdtoa-hexnan.o)
                0x0800967c                __match
 .text.__hexnan
                0x080096a4      0x136 C:/ST/STM32CubeIDE_1.18.1/STM32CubeIDE/plugins/com.st.stm32cube.ide.mcu.externaltools.gnu-tools-for-stm32.13.3.rel1.win32_1.0.0.202411081344/tools/bin/../lib/gcc/arm-none-eabi/13.3.1/../../../../arm-none-eabi/lib/thumb/v7e-m+fp/hard\libc_nano.a(libc_a-gdtoa-hexnan.o)
                0x080096a4                __hexnan
 .text.__ascii_mbtowc
                0x080097da       0x24 C:/ST/STM32CubeIDE_1.18.1/STM32CubeIDE/plugins/com.st.stm32cube.ide.mcu.externaltools.gnu-tools-for-stm32.13.3.rel1.win32_1.0.0.202411081344/tools/bin/../lib/gcc/arm-none-eabi/13.3.1/../../../../arm-none-eabi/lib/thumb/v7e-m+fp/hard\libc_nano.a(libc_a-mbtowc_r.o)
                0x080097da                __ascii_mbtowc
 *fill*         0x080097fe        0x2 
 .text._Balloc  0x08009800       0x80 C:/ST/STM32CubeIDE_1.18.1/STM32CubeIDE/plugins/com.st.stm32cube.ide.mcu.externaltools.gnu-tools-for-stm32.13.3.rel1.win32_1.0.0.202411081344/tools/bin/../lib/gcc/arm-none-eabi/13.3.1/../../../../arm-none-eabi/lib/thumb/v7e-m+fp/hard\libc_nano.a(libc_a-mprec.o)
                0x08009800                _Balloc
 .text._Bfree   0x08009880       0x44 C:/ST/STM32CubeIDE_1.18.1/STM32CubeIDE/plugins/com.st.stm32cube.ide.mcu.externaltools.gnu-tools-for-stm32.13.3.rel1.win32_1.0.0.202411081344/tools/bin/../lib/gcc/arm-none-eabi/13.3.1/../../../../arm-none-eabi/lib/thumb/v7e-m+fp/hard\libc_nano.a(libc_a-mprec.o)
                0x08009880                _Bfree
 .text.__multadd
                0x080098c4       0x8c C:/ST/STM32CubeIDE_1.18.1/STM32CubeIDE/plugins/com.st.stm32cube.ide.mcu.externaltools.gnu-tools-for-stm32.13.3.rel1.win32_1.0.0.202411081344/tools/bin/../lib/gcc/arm-none-eabi/13.3.1/../../../../arm-none-eabi/lib/thumb/v7e-m+fp/hard\libc_nano.a(libc_a-mprec.o)
                0x080098c4                __multadd
 .text.__s2b    0x08009950       0x94 C:/ST/STM32CubeIDE_1.18.1/STM32CubeIDE/plugins/com.st.stm32cube.ide.mcu.externaltools.gnu-tools-for-stm32.13.3.rel1.win32_1.0.0.202411081344/tools/bin/../lib/gcc/arm-none-eabi/13.3.1/../../../../arm-none-eabi/lib/thumb/v7e-m+fp/hard\libc_nano.a(libc_a-mprec.o)
                0x08009950                __s2b
 .text.__hi0bits
                0x080099e4       0x3e C:/ST/STM32CubeIDE_1.18.1/STM32CubeIDE/plugins/com.st.stm32cube.ide.mcu.externaltools.gnu-tools-for-stm32.13.3.rel1.win32_1.0.0.202411081344/tools/bin/../lib/gcc/arm-none-eabi/13.3.1/../../../../arm-none-eabi/lib/thumb/v7e-m+fp/hard\libc_nano.a(libc_a-mprec.o)
                0x080099e4                __hi0bits
 .text.__lo0bits
                0x08009a22       0x5a C:/ST/STM32CubeIDE_1.18.1/STM32CubeIDE/plugins/com.st.stm32cube.ide.mcu.externaltools.gnu-tools-for-stm32.13.3.rel1.win32_1.0.0.202411081344/tools/bin/../lib/gcc/arm-none-eabi/13.3.1/../../../../arm-none-eabi/lib/thumb/v7e-m+fp/hard\libc_nano.a(libc_a-mprec.o)
                0x08009a22                __lo0bits
 .text.__i2b    0x08009a7c       0x2c C:/ST/STM32CubeIDE_1.18.1/STM32CubeIDE/plugins/com.st.stm32cube.ide.mcu.externaltools.gnu-tools-for-stm32.13.3.rel1.win32_1.0.0.202411081344/tools/bin/../lib/gcc/arm-none-eabi/13.3.1/../../../../arm-none-eabi/lib/thumb/v7e-m+fp/hard\libc_nano.a(libc_a-mprec.o)
                0x08009a7c                __i2b
 .text.__multiply
                0x08009aa8      0x144 C:/ST/STM32CubeIDE_1.18.1/STM32CubeIDE/plugins/com.st.stm32cube.ide.mcu.externaltools.gnu-tools-for-stm32.13.3.rel1.win32_1.0.0.202411081344/tools/bin/../lib/gcc/arm-none-eabi/13.3.1/../../../../arm-none-eabi/lib/thumb/v7e-m+fp/hard\libc_nano.a(libc_a-mprec.o)
                0x08009aa8                __multiply
 .text.__pow5mult
                0x08009bec       0xb4 C:/ST/STM32CubeIDE_1.18.1/STM32CubeIDE/plugins/com.st.stm32cube.ide.mcu.externaltools.gnu-tools-for-stm32.13.3.rel1.win32_1.0.0.202411081344/tools/bin/../lib/gcc/arm-none-eabi/13.3.1/../../../../arm-none-eabi/lib/thumb/v7e-m+fp/hard\libc_nano.a(libc_a-mprec.o)
                0x08009bec                __pow5mult
 .text.__lshift
                0x08009ca0       0xd8 C:/ST/STM32CubeIDE_1.18.1/STM32CubeIDE/plugins/com.st.stm32cube.ide.mcu.externaltools.gnu-tools-for-stm32.13.3.rel1.win32_1.0.0.202411081344/tools/bin/../lib/gcc/arm-none-eabi/13.3.1/../../../../arm-none-eabi/lib/thumb/v7e-m+fp/hard\libc_nano.a(libc_a-mprec.o)
                0x08009ca0                __lshift
 .text.__mcmp   0x08009d78       0x36 C:/ST/STM32CubeIDE_1.18.1/STM32CubeIDE/plugins/com.st.stm32cube.ide.mcu.externaltools.gnu-tools-for-stm32.13.3.rel1.win32_1.0.0.202411081344/tools/bin/../lib/gcc/arm-none-eabi/13.3.1/../../../../arm-none-eabi/lib/thumb/v7e-m+fp/hard\libc_nano.a(libc_a-mprec.o)
                0x08009d78                __mcmp
 *fill*         0x08009dae        0x2 
 .text.__mdiff  0x08009db0      0x128 C:/ST/STM32CubeIDE_1.18.1/STM32CubeIDE/plugins/com.st.stm32cube.ide.mcu.externaltools.gnu-tools-for-stm32.13.3.rel1.win32_1.0.0.202411081344/tools/bin/../lib/gcc/arm-none-eabi/13.3.1/../../../../arm-none-eabi/lib/thumb/v7e-m+fp/hard\libc_nano.a(libc_a-mprec.o)
                0x08009db0                __mdiff
 .text.__ulp    0x08009ed8       0x4c C:/ST/STM32CubeIDE_1.18.1/STM32CubeIDE/plugins/com.st.stm32cube.ide.mcu.externaltools.gnu-tools-for-stm32.13.3.rel1.win32_1.0.0.202411081344/tools/bin/../lib/gcc/arm-none-eabi/13.3.1/../../../../arm-none-eabi/lib/thumb/v7e-m+fp/hard\libc_nano.a(libc_a-mprec.o)
                0x08009ed8                __ulp
 .text.__b2d    0x08009f24       0x94 C:/ST/STM32CubeIDE_1.18.1/STM32CubeIDE/plugins/com.st.stm32cube.ide.mcu.externaltools.gnu-tools-for-stm32.13.3.rel1.win32_1.0.0.202411081344/tools/bin/../lib/gcc/arm-none-eabi/13.3.1/../../../../arm-none-eabi/lib/thumb/v7e-m+fp/hard\libc_nano.a(libc_a-mprec.o)
                0x08009f24                __b2d
 .text.__d2b    0x08009fb8       0xb0 C:/ST/STM32CubeIDE_1.18.1/STM32CubeIDE/plugins/com.st.stm32cube.ide.mcu.externaltools.gnu-tools-for-stm32.13.3.rel1.win32_1.0.0.202411081344/tools/bin/../lib/gcc/arm-none-eabi/13.3.1/../../../../arm-none-eabi/lib/thumb/v7e-m+fp/hard\libc_nano.a(libc_a-mprec.o)
                0x08009fb8                __d2b
 .text.__ratio  0x0800a068       0x64 C:/ST/STM32CubeIDE_1.18.1/STM32CubeIDE/plugins/com.st.stm32cube.ide.mcu.externaltools.gnu-tools-for-stm32.13.3.rel1.win32_1.0.0.202411081344/tools/bin/../lib/gcc/arm-none-eabi/13.3.1/../../../../arm-none-eabi/lib/thumb/v7e-m+fp/hard\libc_nano.a(libc_a-mprec.o)
                0x0800a068                __ratio
 .text.__copybits
                0x0800a0cc       0x46 C:/ST/STM32CubeIDE_1.18.1/STM32CubeIDE/plugins/com.st.stm32cube.ide.mcu.externaltools.gnu-tools-for-stm32.13.3.rel1.win32_1.0.0.202411081344/tools/bin/../lib/gcc/arm-none-eabi/13.3.1/../../../../arm-none-eabi/lib/thumb/v7e-m+fp/hard\libc_nano.a(libc_a-mprec.o)
                0x0800a0cc                __copybits
 .text.__any_on
                0x0800a112       0x42 C:/ST/STM32CubeIDE_1.18.1/STM32CubeIDE/plugins/com.st.stm32cube.ide.mcu.externaltools.gnu-tools-for-stm32.13.3.rel1.win32_1.0.0.202411081344/tools/bin/../lib/gcc/arm-none-eabi/13.3.1/../../../../arm-none-eabi/lib/thumb/v7e-m+fp/hard\libc_nano.a(libc_a-mprec.o)
                0x0800a112                __any_on
 .text.__ascii_wctomb
                0x0800a154       0x1a C:/ST/STM32CubeIDE_1.18.1/STM32CubeIDE/plugins/com.st.stm32cube.ide.mcu.externaltools.gnu-tools-for-stm32.13.3.rel1.win32_1.0.0.202411081344/tools/bin/../lib/gcc/arm-none-eabi/13.3.1/../../../../arm-none-eabi/lib/thumb/v7e-m+fp/hard\libc_nano.a(libc_a-wctomb_r.o)
                0x0800a154                __ascii_wctomb
 .text.__ssputs_r
                0x0800a16e       0xb6 C:/ST/STM32CubeIDE_1.18.1/STM32CubeIDE/plugins/com.st.stm32cube.ide.mcu.externaltools.gnu-tools-for-stm32.13.3.rel1.win32_1.0.0.202411081344/tools/bin/../lib/gcc/arm-none-eabi/13.3.1/../../../../arm-none-eabi/lib/thumb/v7e-m+fp/hard\libc_nano.a(libc_a-nano-svfprintf.o)
                0x0800a16e                __ssputs_r
 .text._svfprintf_r
                0x0800a224      0x1f8 C:/ST/STM32CubeIDE_1.18.1/STM32CubeIDE/plugins/com.st.stm32cube.ide.mcu.externaltools.gnu-tools-for-stm32.13.3.rel1.win32_1.0.0.202411081344/tools/bin/../lib/gcc/arm-none-eabi/13.3.1/../../../../arm-none-eabi/lib/thumb/v7e-m+fp/hard\libc_nano.a(libc_a-nano-svfprintf.o)
                0x0800a224                _svfiprintf_r
                0x0800a224                _svfprintf_r
 .text._printf_common
                0x0800a41c       0xda C:/ST/STM32CubeIDE_1.18.1/STM32CubeIDE/plugins/com.st.stm32cube.ide.mcu.externaltools.gnu-tools-for-stm32.13.3.rel1.win32_1.0.0.202411081344/tools/bin/../lib/gcc/arm-none-eabi/13.3.1/../../../../arm-none-eabi/lib/thumb/v7e-m+fp/hard\libc_nano.a(libc_a-nano-vfprintf_i.o)
                0x0800a41c                _printf_common
 *fill*         0x0800a4f6        0x2 
 .text._printf_i
                0x0800a4f8      0x23c C:/ST/STM32CubeIDE_1.18.1/STM32CubeIDE/plugins/com.st.stm32cube.ide.mcu.externaltools.gnu-tools-for-stm32.13.3.rel1.win32_1.0.0.202411081344/tools/bin/../lib/gcc/arm-none-eabi/13.3.1/../../../../arm-none-eabi/lib/thumb/v7e-m+fp/hard\libc_nano.a(libc_a-nano-vfprintf_i.o)
                0x0800a4f8                _printf_i
 .text.__sflush_r
                0x0800a734      0x108 C:/ST/STM32CubeIDE_1.18.1/STM32CubeIDE/plugins/com.st.stm32cube.ide.mcu.externaltools.gnu-tools-for-stm32.13.3.rel1.win32_1.0.0.202411081344/tools/bin/../lib/gcc/arm-none-eabi/13.3.1/../../../../arm-none-eabi/lib/thumb/v7e-m+fp/hard\libc_nano.a(libc_a-fflush.o)
                0x0800a734                __sflush_r
 .text._fflush_r
                0x0800a83c       0x50 C:/ST/STM32CubeIDE_1.18.1/STM32CubeIDE/plugins/com.st.stm32cube.ide.mcu.externaltools.gnu-tools-for-stm32.13.3.rel1.win32_1.0.0.202411081344/tools/bin/../lib/gcc/arm-none-eabi/13.3.1/../../../../arm-none-eabi/lib/thumb/v7e-m+fp/hard\libc_nano.a(libc_a-fflush.o)
                0x0800a83c                _fflush_r
 .text.fprintf  0x0800a88c       0x24 C:/ST/STM32CubeIDE_1.18.1/STM32CubeIDE/plugins/com.st.stm32cube.ide.mcu.externaltools.gnu-tools-for-stm32.13.3.rel1.win32_1.0.0.202411081344/tools/bin/../lib/gcc/arm-none-eabi/13.3.1/../../../../arm-none-eabi/lib/thumb/v7e-m+fp/hard\libc_nano.a(libc_a-fprintf.o)
                0x0800a88c                fiprintf
                0x0800a88c                fprintf
 .text.memmove  0x0800a8b0       0x34 C:/ST/STM32CubeIDE_1.18.1/STM32CubeIDE/plugins/com.st.stm32cube.ide.mcu.externaltools.gnu-tools-for-stm32.13.3.rel1.win32_1.0.0.202411081344/tools/bin/../lib/gcc/arm-none-eabi/13.3.1/../../../../arm-none-eabi/lib/thumb/v7e-m+fp/hard\libc_nano.a(libc_a-memmove.o)
                0x0800a8b0                memmove
 .text.abort    0x0800a8e4        0xe C:/ST/STM32CubeIDE_1.18.1/STM32CubeIDE/plugins/com.st.stm32cube.ide.mcu.externaltools.gnu-tools-for-stm32.13.3.rel1.win32_1.0.0.202411081344/tools/bin/../lib/gcc/arm-none-eabi/13.3.1/../../../../arm-none-eabi/lib/thumb/v7e-m+fp/hard\libc_nano.a(libc_a-abort.o)
                0x0800a8e4                abort
 .text._calloc_r
                0x0800a8f2       0x28 C:/ST/STM32CubeIDE_1.18.1/STM32CubeIDE/plugins/com.st.stm32cube.ide.mcu.externaltools.gnu-tools-for-stm32.13.3.rel1.win32_1.0.0.202411081344/tools/bin/../lib/gcc/arm-none-eabi/13.3.1/../../../../arm-none-eabi/lib/thumb/v7e-m+fp/hard\libc_nano.a(libc_a-callocr.o)
                0x0800a8f2                _calloc_r
 .text._realloc_r
                0x0800a91a       0x5c C:/ST/STM32CubeIDE_1.18.1/STM32CubeIDE/plugins/com.st.stm32cube.ide.mcu.externaltools.gnu-tools-for-stm32.13.3.rel1.win32_1.0.0.202411081344/tools/bin/../lib/gcc/arm-none-eabi/13.3.1/../../../../arm-none-eabi/lib/thumb/v7e-m+fp/hard\libc_nano.a(libc_a-reallocr.o)
                0x0800a91a                _realloc_r
 .text.__sfputc_r
                0x0800a976       0x2e C:/ST/STM32CubeIDE_1.18.1/STM32CubeIDE/plugins/com.st.stm32cube.ide.mcu.externaltools.gnu-tools-for-stm32.13.3.rel1.win32_1.0.0.202411081344/tools/bin/../lib/gcc/arm-none-eabi/13.3.1/../../../../arm-none-eabi/lib/thumb/v7e-m+fp/hard\libc_nano.a(libc_a-nano-vfprintf.o)
 .text.__sfputs_r
                0x0800a9a4       0x24 C:/ST/STM32CubeIDE_1.18.1/STM32CubeIDE/plugins/com.st.stm32cube.ide.mcu.externaltools.gnu-tools-for-stm32.13.3.rel1.win32_1.0.0.202411081344/tools/bin/../lib/gcc/arm-none-eabi/13.3.1/../../../../arm-none-eabi/lib/thumb/v7e-m+fp/hard\libc_nano.a(libc_a-nano-vfprintf.o)
                0x0800a9a4                __sfputs_r
 .text._vfprintf_r
                0x0800a9c8      0x230 C:/ST/STM32CubeIDE_1.18.1/STM32CubeIDE/plugins/com.st.stm32cube.ide.mcu.externaltools.gnu-tools-for-stm32.13.3.rel1.win32_1.0.0.202411081344/tools/bin/../lib/gcc/arm-none-eabi/13.3.1/../../../../arm-none-eabi/lib/thumb/v7e-m+fp/hard\libc_nano.a(libc_a-nano-vfprintf.o)
                0x0800a9c8                _vfprintf_r
                0x0800a9c8                _vfiprintf_r
 .text.__swbuf_r
                0x0800abf8       0x7c C:/ST/STM32CubeIDE_1.18.1/STM32CubeIDE/plugins/com.st.stm32cube.ide.mcu.externaltools.gnu-tools-for-stm32.13.3.rel1.win32_1.0.0.202411081344/tools/bin/../lib/gcc/arm-none-eabi/13.3.1/../../../../arm-none-eabi/lib/thumb/v7e-m+fp/hard\libc_nano.a(libc_a-wbuf.o)
                0x0800abf8                __swbuf_r
 .text.__swsetup_r
                0x0800ac74       0xac C:/ST/STM32CubeIDE_1.18.1/STM32CubeIDE/plugins/com.st.stm32cube.ide.mcu.externaltools.gnu-tools-for-stm32.13.3.rel1.win32_1.0.0.202411081344/tools/bin/../lib/gcc/arm-none-eabi/13.3.1/../../../../arm-none-eabi/lib/thumb/v7e-m+fp/hard\libc_nano.a(libc_a-wsetup.o)
                0x0800ac74                __swsetup_r
 .text._raise_r
                0x0800ad20       0x50 C:/ST/STM32CubeIDE_1.18.1/STM32CubeIDE/plugins/com.st.stm32cube.ide.mcu.externaltools.gnu-tools-for-stm32.13.3.rel1.win32_1.0.0.202411081344/tools/bin/../lib/gcc/arm-none-eabi/13.3.1/../../../../arm-none-eabi/lib/thumb/v7e-m+fp/hard\libc_nano.a(libc_a-signal.o)
                0x0800ad20                _raise_r
 .text.raise    0x0800ad70       0x10 C:/ST/STM32CubeIDE_1.18.1/STM32CubeIDE/plugins/com.st.stm32cube.ide.mcu.externaltools.gnu-tools-for-stm32.13.3.rel1.win32_1.0.0.202411081344/tools/bin/../lib/gcc/arm-none-eabi/13.3.1/../../../../arm-none-eabi/lib/thumb/v7e-m+fp/hard\libc_nano.a(libc_a-signal.o)
                0x0800ad70                raise
 .text._kill_r  0x0800ad80       0x24 C:/ST/STM32CubeIDE_1.18.1/STM32CubeIDE/plugins/com.st.stm32cube.ide.mcu.externaltools.gnu-tools-for-stm32.13.3.rel1.win32_1.0.0.202411081344/tools/bin/../lib/gcc/arm-none-eabi/13.3.1/../../../../arm-none-eabi/lib/thumb/v7e-m+fp/hard\libc_nano.a(libc_a-signalr.o)
                0x0800ad80                _kill_r
 .text._getpid_r
                0x0800ada4        0x4 C:/ST/STM32CubeIDE_1.18.1/STM32CubeIDE/plugins/com.st.stm32cube.ide.mcu.externaltools.gnu-tools-for-stm32.13.3.rel1.win32_1.0.0.202411081344/tools/bin/../lib/gcc/arm-none-eabi/13.3.1/../../../../arm-none-eabi/lib/thumb/v7e-m+fp/hard\libc_nano.a(libc_a-signalr.o)
                0x0800ada4                _getpid_r
 .text._malloc_usable_size_r
                0x0800ada8       0x10 C:/ST/STM32CubeIDE_1.18.1/STM32CubeIDE/plugins/com.st.stm32cube.ide.mcu.externaltools.gnu-tools-for-stm32.13.3.rel1.win32_1.0.0.202411081344/tools/bin/../lib/gcc/arm-none-eabi/13.3.1/../../../../arm-none-eabi/lib/thumb/v7e-m+fp/hard\libc_nano.a(libc_a-msizer.o)
                0x0800ada8                _malloc_usable_size_r
 .text.__swhatbuf_r
                0x0800adb8       0x4c C:/ST/STM32CubeIDE_1.18.1/STM32CubeIDE/plugins/com.st.stm32cube.ide.mcu.externaltools.gnu-tools-for-stm32.13.3.rel1.win32_1.0.0.202411081344/tools/bin/../lib/gcc/arm-none-eabi/13.3.1/../../../../arm-none-eabi/lib/thumb/v7e-m+fp/hard\libc_nano.a(libc_a-makebuf.o)
                0x0800adb8                __swhatbuf_r
 .text.__smakebuf_r
                0x0800ae04       0x78 C:/ST/STM32CubeIDE_1.18.1/STM32CubeIDE/plugins/com.st.stm32cube.ide.mcu.externaltools.gnu-tools-for-stm32.13.3.rel1.win32_1.0.0.202411081344/tools/bin/../lib/gcc/arm-none-eabi/13.3.1/../../../../arm-none-eabi/lib/thumb/v7e-m+fp/hard\libc_nano.a(libc_a-makebuf.o)
                0x0800ae04                __smakebuf_r
 .text._fstat_r
                0x0800ae7c       0x24 C:/ST/STM32CubeIDE_1.18.1/STM32CubeIDE/plugins/com.st.stm32cube.ide.mcu.externaltools.gnu-tools-for-stm32.13.3.rel1.win32_1.0.0.202411081344/tools/bin/../lib/gcc/arm-none-eabi/13.3.1/../../../../arm-none-eabi/lib/thumb/v7e-m+fp/hard\libc_nano.a(libc_a-fstatr.o)
                0x0800ae7c                _fstat_r
 .text._isatty_r
                0x0800aea0       0x20 C:/ST/STM32CubeIDE_1.18.1/STM32CubeIDE/plugins/com.st.stm32cube.ide.mcu.externaltools.gnu-tools-for-stm32.13.3.rel1.win32_1.0.0.202411081344/tools/bin/../lib/gcc/arm-none-eabi/13.3.1/../../../../arm-none-eabi/lib/thumb/v7e-m+fp/hard\libc_nano.a(libc_a-isattyr.o)
                0x0800aea0                _isatty_r
 *(.glue_7)
 .glue_7        0x0800aec0        0x0 linker stubs
 *(.glue_7t)
 .glue_7t       0x0800aec0        0x0 linker stubs
 *(.eh_frame)
 .eh_frame      0x0800aec0        0x0 C:/ST/STM32CubeIDE_1.18.1/STM32CubeIDE/plugins/com.st.stm32cube.ide.mcu.externaltools.gnu-tools-for-stm32.13.3.rel1.win32_1.0.0.202411081344/tools/bin/../lib/gcc/arm-none-eabi/13.3.1/thumb/v7e-m+fp/hard/crtbegin.o
 *(.init)
 .init          0x0800aec0        0x4 C:/ST/STM32CubeIDE_1.18.1/STM32CubeIDE/plugins/com.st.stm32cube.ide.mcu.externaltools.gnu-tools-for-stm32.13.3.rel1.win32_1.0.0.202411081344/tools/bin/../lib/gcc/arm-none-eabi/13.3.1/thumb/v7e-m+fp/hard/crti.o
                0x0800aec0                _init
 .init          0x0800aec4        0x8 C:/ST/STM32CubeIDE_1.18.1/STM32CubeIDE/plugins/com.st.stm32cube.ide.mcu.externaltools.gnu-tools-for-stm32.13.3.rel1.win32_1.0.0.202411081344/tools/bin/../lib/gcc/arm-none-eabi/13.3.1/thumb/v7e-m+fp/hard/crtn.o
 *(.fini)
 .fini          0x0800aecc        0x4 C:/ST/STM32CubeIDE_1.18.1/STM32CubeIDE/plugins/com.st.stm32cube.ide.mcu.externaltools.gnu-tools-for-stm32.13.3.rel1.win32_1.0.0.202411081344/tools/bin/../lib/gcc/arm-none-eabi/13.3.1/thumb/v7e-m+fp/hard/crti.o
                0x0800aecc                _fini
 .fini          0x0800aed0        0x8 C:/ST/STM32CubeIDE_1.18.1/STM32CubeIDE/plugins/com.st.stm32cube.ide.mcu.externaltools.gnu-tools-for-stm32.13.3.rel1.win32_1.0.0.202411081344/tools/bin/../lib/gcc/arm-none-eabi/13.3.1/thumb/v7e-m+fp/hard/crtn.o
                0x0800aed8                        . = ALIGN (0x4)
                0x0800aed8                        _etext = .

.vfp11_veneer   0x0800aed8        0x0
 .vfp11_veneer  0x0800aed8        0x0 linker stubs

.v4_bx          0x0800aed8        0x0
 .v4_bx         0x0800aed8        0x0 linker stubs

.iplt           0x0800aed8        0x0
 .iplt          0x0800aed8        0x0 C:/ST/STM32CubeIDE_1.18.1/STM32CubeIDE/plugins/com.st.stm32cube.ide.mcu.externaltools.gnu-tools-for-stm32.13.3.rel1.win32_1.0.0.202411081344/tools/bin/../lib/gcc/arm-none-eabi/13.3.1/thumb/v7e-m+fp/hard/crtbegin.o

.rodata         0x0800aed8      0xaf4
                0x0800aed8                        . = ALIGN (0x4)
 *(.rodata)
 .rodata        0x0800aed8      0x525 ./App/Blogic/Src/pid_tuning_cmd.o
 *(.rodata*)
 *fill*         0x0800b3fd        0x3 
 .rodata._ZTV16TelemetryManager
                0x0800b400       0x14 ./App/Communication/Src/DesktopTelemetryManager.o
                0x0800b400                vtable for TelemetryManager
 .rodata._ZTV19MCUTelemetryManager
                0x0800b414       0x14 ./App/Communication/Src/MCUTelemetryManager.o
                0x0800b414                vtable for MCUTelemetryManager
 .rodata._ZTV10RCReceiver
                0x0800b428       0x14 ./App/Communication/Src/RCReceiver.o
                0x0800b428                vtable for RCReceiver
 .rodata._ZTV17RC_Receiver_IA6_B
                0x0800b43c       0x14 ./App/Communication/Src/RC_Receiver_IA6_B.o
                0x0800b43c                vtable for RC_Receiver_IA6_B
 .rodata._ZTV19ComplementaryFilter
                0x0800b450       0x18 ./App/Control/Filters/Src/ComplementaryFilter.o
                0x0800b450                vtable for ComplementaryFilter
 .rodata._ZTV9Barometer
                0x0800b468       0x24 ./App/Control/Sensors/Src/Barometer.o
                0x0800b468                vtable for Barometer
 .rodata._ZTV16Barometer_bmp280
                0x0800b48c       0x24 ./App/Control/Sensors/Src/Barometer_bmp280.o
                0x0800b48c                vtable for Barometer_bmp280
 .rodata._ZTV6Filter
                0x0800b4b0       0x18 ./App/Control/Sensors/Src/Filter.o
                0x0800b4b0                vtable for Filter
 .rodata._ZTV3IMU
                0x0800b4c8       0x2c ./App/Control/Sensors/Src/IMU.o
                0x0800b4c8                vtable for IMU
 .rodata._ZTV11IMU_MPU6050
                0x0800b4f4       0x2c ./App/Control/Sensors/Src/IMU_MPU6050.o
                0x0800b4f4                vtable for IMU_MPU6050
 .rodata._ZTV12Magnetometer
                0x0800b520       0x20 ./App/Control/Sensors/Src/Magnetometer.o
                0x0800b520                vtable for Magnetometer
 .rodata._ZTV18Magnetometer_GY273
                0x0800b540       0x20 ./App/Control/Sensors/Src/Magnetometer_GY273.o
                0x0800b540                vtable for Magnetometer_GY273