C:/Users/dalya/STM32CubeIDE/Project_ws/flight_controller_v2/App/Communication/Inc/RCReceiver.hpp:21:7:constexpr RCReceiver::RCReceiver()	16	static
../App/Communication/Src/IBUSReceiver.cpp:12:1:IBUSReceiver::IBUSReceiver(UART_HandleTypeDef*)	24	static
../App/Communication/Src/IBUSReceiver.cpp:31:1:IBUSReceiver::~IBUSReceiver()	16	static
../App/Communication/Src/IBUSReceiver.cpp:31:1:virtual IBUSReceiver::~IBUSReceiver()	16	static
../App/Communication/Src/IBUSReceiver.cpp:34:6:bool IBUSReceiver::init()	16	static
../App/Communication/Src/IBUSReceiver.cpp:44:17:virtual Receiver_Data_t IBUSReceiver::getCommand()	32	static
../App/Communication/Src/IBUSReceiver.cpp:98:6:void IBUSReceiver::updateFromUARTBuffer(uint8_t*, uint16_t)	32	static
../App/Communication/Src/IBUSReceiver.cpp:108:6:void IBUSReceiver::resetFailsafe()	16	static
../App/Communication/Src/IBUSReceiver.cpp:112:6:bool IBUSReceiver::isSignalLost() const	16	static
../App/Communication/Src/IBUSReceiver.cpp:116:10:uint16_t IBUSReceiver::getRawChannel(uint8_t) const	16	static
../App/Communication/Src/IBUSReceiver.cpp:125:6:bool IBUSReceiver::isValid() const	16	static
../App/Communication/Src/IBUSReceiver.cpp:130:6:bool IBUSReceiver::verifyChecksum() const	32	static
../App/Communication/Src/IBUSReceiver.cpp:145:6:void IBUSReceiver::extractChannels()	24	static
../App/Communication/Src/IBUSReceiver.cpp:154:6:void IBUSReceiver::updateFailsafe(uint8_t)	24	static
