../Core/Src/main.c:83:5:main	8	static
../Core/Src/main.c:151:6:SystemClock_Config	88	static
../Core/Src/main.c:198:13:MX_ADC1_Init	24	static
../Core/Src/main.c:250:13:MX_I2C1_Init	8	static
../Core/Src/main.c:284:13:MX_TIM1_Init	80	static
../Core/Src/main.c:366:13:MX_TIM2_Init	32	static
../Core/Src/main.c:411:13:MX_USART1_UART_Init	8	static
../Core/Src/main.c:444:13:MX_USART2_UART_Init	8	static
../Core/Src/main.c:475:13:MX_DMA_Init	16	static
../Core/Src/main.c:493:13:MX_GPIO_Init	40	static
../Core/Src/main.c:523:6:Error_Handler	4	static,ignoring_inline_asm
