../Core/Src/main.c:96:5:main	8	static
../Core/Src/main.c:168:6:SystemClock_Config	88	static
../Core/Src/main.c:215:13:MX_ADC1_Init	24	static
../Core/Src/main.c:267:13:MX_I2C1_Init	8	static
../Core/Src/main.c:301:13:MX_TIM1_Init	80	static
../Core/Src/main.c:383:13:MX_TIM2_Init	32	static
../Core/Src/main.c:428:13:MX_USART1_UART_Init	8	static
../Core/Src/main.c:461:13:MX_USART2_UART_Init	8	static
../Core/Src/main.c:492:13:MX_DMA_Init	16	static
../Core/Src/main.c:510:13:MX_GPIO_Init	40	static
../Core/Src/main.c:533:19:flight_controller_init	8	static
../Core/Src/main.c:568:6:Error_Handler	4	static,ignoring_inline_asm
