../Core/Src/stm32f4xx_it.c:75:6:NMI_Handler	4	static
../Core/Src/stm32f4xx_it.c:90:6:HardFault_Handler	4	static
../Core/Src/stm32f4xx_it.c:105:6:MemManage_Handler	4	static
../Core/Src/stm32f4xx_it.c:120:6:BusFault_Handler	4	static
../Core/Src/stm32f4xx_it.c:135:6:UsageFault_Handler	4	static
../Core/Src/stm32f4xx_it.c:150:6:SVC_Handler	4	static
../Core/Src/stm32f4xx_it.c:163:6:DebugMon_Handler	4	static
../Core/Src/stm32f4xx_it.c:176:6:PendSV_Handler	4	static
../Core/Src/stm32f4xx_it.c:189:6:SysTick_Handler	8	static
../Core/Src/stm32f4xx_it.c:210:6:I2C1_EV_IRQHandler	8	static
../Core/Src/stm32f4xx_it.c:224:6:USART2_IRQHandler	8	static
../Core/Src/stm32f4xx_it.c:238:6:DMA2_Stream2_IRQHandler	8	static
../Core/Src/stm32f4xx_it.c:250:6:HAL_TIM_PeriodElapsedCallback	16	static
../Core/Src/stm32f4xx_it.c:258:6:HAL_UART_RxCpltCallback	16	static
../Core/Src/stm32f4xx_it.c:265:6:HAL_I2C_MemRxCpltCallback	16	static
../Core/Src/stm32f4xx_it.c:281:6:MPU6050_I2C_RxCpltCallback	8	static
../Core/Src/stm32f4xx_it.c:300:6:BMP280_I2C_RxCpltCallback	8	static
../Core/Src/stm32f4xx_it.c:306:6:HMC5883L_I2C_RxCpltCallback	8	static
