../App/Control/Sensors/Src/StateEstimator.cpp:10:1:StateEstimator::StateEstimator()	16	static
../App/Control/Sensors/Src/StateEstimator.cpp:13:1:StateEstimator::~StateEstimator()	16	static
../App/Control/Sensors/Src/StateEstimator.cpp:17:6:bool StateEstimator::initializeSensors()	24	static
../App/Control/Sensors/Src/StateEstimator.cpp:41:7:float StateEstimator::getAltitude() const	24	static
../App/Control/Sensors/Src/StateEstimator.cpp:50:7:float StateEstimator::getHeading() const	32	static
../App/Control/Sensors/Src/StateEstimator.cpp:59:10:Vector3D StateEstimator::getAcceleration()	48	static
../App/Control/Sensors/Src/StateEstimator.cpp:67:10:Vector3D StateEstimator::getAngularVelocity()	48	static
../App/Control/Sensors/Src/StateEstimator.cpp:75:6:void StateEstimator::updateState()	72	static
../App/Control/Sensors/Src/StateEstimator.cpp:104:9:Filter* StateEstimator::getFilter()	16	static
../App/Control/Sensors/Src/StateEstimator.cpp:108:12:Barometer* StateEstimator::getBarometer()	16	static
../App/Control/Sensors/Src/StateEstimator.cpp:112:6:IMU* StateEstimator::getIMU()	16	static
../App/Control/Sensors/Src/StateEstimator.cpp:116:15:Magnetometer* StateEstimator::getMagnetometer()	16	static
