../App/Blogic/Src/FlightController.cpp:10:1:FlightController::FlightController()	16	static
../App/Blogic/Src/FlightController.cpp:14:1:FlightController::FlightController(GPSReceiver*)	16	static
../App/Blogic/Src/FlightController.cpp:18:1:FlightController::~FlightController()	16	static
../App/Blogic/Src/FlightController.cpp:24:6:bool FlightController::init()	16	static
../App/Blogic/Src/FlightController.cpp:41:6:void FlightController::update(float)	32	static
../App/Blogic/Src/FlightController.cpp:56:6:void FlightController::setAttitudeSetpoints(float, float, float)	24	static
../App/Blogic/Src/FlightController.cpp:60:6:void FlightController::setAltitudeSetpoint(float)	16	static
../App/Blogic/Src/FlightController.cpp:64:6:void FlightController::setThrottle(float)	16	static
../App/Blogic/Src/FlightController.cpp:68:6:bool FlightController::arm()	16	static
../App/Blogic/Src/FlightController.cpp:73:6:bool FlightController::disarm()	16	static
../App/Blogic/Src/FlightController.cpp:77:6:bool FlightController::isArmed() const	16	static
../App/Blogic/Src/FlightController.cpp:81:6:void FlightController::emergencyStop()	16	static
../App/Blogic/Src/FlightController.cpp:85:10:Vector3D FlightController::getAttitude() const	56	static
../App/Blogic/Src/FlightController.cpp:93:7:float FlightController::getAltitude() const	16	static
../App/Blogic/Src/FlightController.cpp:97:9:GPSData FlightController::getGPSData() const	16	static
../App/Blogic/Src/FlightController.cpp:104:6:void FlightController::setLoopFrequency(float)	16	static
