C:/Users/dalya/STM32CubeIDE/Project_ws/flight_controller_v2/App/Control/Sensors/Inc/IMU_MPU6050.hpp:22:5:IMU_MPU6050::IMU_MPU6050()	16	static
C:/Users/dalya/STM32CubeIDE/Project_ws/flight_controller_v2/App/Control/Sensors/Inc/Barometer_bmp280.hpp:20:5:Barometer_bmp280::Barometer_bmp280()	16	static
../App/Blogic/Src/FlightControllerInit.cpp:39:6:void FlightController_Initialize()	8	static
../App/Blogic/Src/FlightControllerInit.cpp:62:6:void FlightController_Update(float)	16	static
../App/Blogic/Src/FlightControllerInit.cpp:67:1:void __static_initialization_and_destruction_0()	8	static
../App/Blogic/Src/FlightControllerInit.cpp:67:1:void __static_initialization_and_destruction_1()	8	static
../App/Blogic/Src/FlightControllerInit.cpp:67:1:cpp)	8	static
../App/Blogic/Src/FlightControllerInit.cpp:67:1:cpp)	8	static
